<?xml version="1.0" encoding="ISO-8859-1" ?>
<link_info>
   <banner>TI ARM Linker PC v20.2.7.LTS</banner>
   <copyright>Copyright (c) 1996-2018 Texas Instruments Incorporated</copyright>
   <link_time>0x659bd9c2</link_time>
   <link_errors>0x1</link_errors>
   <output_file>freertos_demo.out</output_file>
   <entry_point>
      <name>_c_int00_noargs</name>
      <address>0x4ff1</address>
   </entry_point>
   <input_file_list>
      <input_file id="fl-2">
         <path>.\</path>
         <kind>object</kind>
         <file>I2C_task.obj</file>
         <name>I2C_task.obj</name>
      </input_file>
      <input_file id="fl-3">
         <path>.\</path>
         <kind>object</kind>
         <file>KEYBOARD_task.obj</file>
         <name>KEYBOARD_task.obj</name>
      </input_file>
      <input_file id="fl-4">
         <path>.\</path>
         <kind>object</kind>
         <file>LCD.obj</file>
         <name>LCD.obj</name>
      </input_file>
      <input_file id="fl-5">
         <path>.\</path>
         <kind>object</kind>
         <file>LCD_task.obj</file>
         <name>LCD_task.obj</name>
      </input_file>
      <input_file id="fl-6">
         <path>.\</path>
         <kind>object</kind>
         <file>PWM.obj</file>
         <name>PWM.obj</name>
      </input_file>
      <input_file id="fl-7">
         <path>.\</path>
         <kind>object</kind>
         <file>UART_task.obj</file>
         <name>UART_task.obj</name>
      </input_file>
      <input_file id="fl-8">
         <path>.\</path>
         <kind>object</kind>
         <file>buzzer_task.obj</file>
         <name>buzzer_task.obj</name>
      </input_file>
      <input_file id="fl-9">
         <path>.\</path>
         <kind>object</kind>
         <file>i2c.obj</file>
         <name>i2c.obj</name>
      </input_file>
      <input_file id="fl-a">
         <path>.\</path>
         <kind>object</kind>
         <file>keypad.obj</file>
         <name>keypad.obj</name>
      </input_file>
      <input_file id="fl-b">
         <path>.\</path>
         <kind>object</kind>
         <file>main.obj</file>
         <name>main.obj</name>
      </input_file>
      <input_file id="fl-c">
         <path>.\</path>
         <kind>object</kind>
         <file>menu_task.obj</file>
         <name>menu_task.obj</name>
      </input_file>
      <input_file id="fl-d">
         <path>.\</path>
         <kind>object</kind>
         <file>startup_ccs.obj</file>
         <name>startup_ccs.obj</name>
      </input_file>
      <input_file id="fl-e">
         <path>.\</path>
         <kind>object</kind>
         <file>tempo.obj</file>
         <name>tempo.obj</name>
      </input_file>
      <input_file id="fl-f">
         <path>.\drivers\</path>
         <kind>object</kind>
         <file>buttons.obj</file>
         <name>buttons.obj</name>
      </input_file>
      <input_file id="fl-10">
         <path>.\drivers\</path>
         <kind>object</kind>
         <file>rgb.obj</file>
         <name>rgb.obj</name>
      </input_file>
      <input_file id="fl-11">
         <path>.\third_party\FreeRTOS\Source\</path>
         <kind>object</kind>
         <file>list.obj</file>
         <name>list.obj</name>
      </input_file>
      <input_file id="fl-12">
         <path>.\third_party\FreeRTOS\Source\</path>
         <kind>object</kind>
         <file>queue.obj</file>
         <name>queue.obj</name>
      </input_file>
      <input_file id="fl-13">
         <path>.\third_party\FreeRTOS\Source\</path>
         <kind>object</kind>
         <file>tasks.obj</file>
         <name>tasks.obj</name>
      </input_file>
      <input_file id="fl-14">
         <path>.\third_party\FreeRTOS\Source\portable\CCS\ARM_CM4F\</path>
         <kind>object</kind>
         <file>port.obj</file>
         <name>port.obj</name>
      </input_file>
      <input_file id="fl-15">
         <path>.\third_party\FreeRTOS\Source\portable\CCS\ARM_CM4F\</path>
         <kind>object</kind>
         <file>portasm.obj</file>
         <name>portasm.obj</name>
      </input_file>
      <input_file id="fl-16">
         <path>.\third_party\FreeRTOS\Source\portable\MemMang\</path>
         <kind>object</kind>
         <file>heap_2.obj</file>
         <name>heap_2.obj</name>
      </input_file>
      <input_file id="fl-17">
         <path>.\utils\</path>
         <kind>object</kind>
         <file>uartstdio.obj</file>
         <name>uartstdio.obj</name>
      </input_file>
      <input_file id="fl-18">
         <path>.\utils\</path>
         <kind>object</kind>
         <file>ustdlib.obj</file>
         <name>ustdlib.obj</name>
      </input_file>
      <input_file id="fl-1d">
         <kind>object</kind>
         <file>&lt;internal&gt;</file>
         <name>&lt;internal&gt;</name>
      </input_file>
      <input_file id="fl-d3">
         <path>C:\ti\ccs1250\ccs\tools\compiler\ti-cgt-arm_20.2.7.LTS\lib\</path>
         <kind>archive</kind>
         <file>rtsv7M4_T_le_v4SPD16_eabi.lib</file>
         <name>e_pow.c.obj</name>
      </input_file>
      <input_file id="fl-d4">
         <path>C:\ti\ccs1250\ccs\tools\compiler\ti-cgt-arm_20.2.7.LTS\lib\</path>
         <kind>archive</kind>
         <file>rtsv7M4_T_le_v4SPD16_eabi.lib</file>
         <name>e_sqrt.c.obj</name>
      </input_file>
      <input_file id="fl-d5">
         <path>C:\ti\ccs1250\ccs\tools\compiler\ti-cgt-arm_20.2.7.LTS\lib\</path>
         <kind>archive</kind>
         <file>rtsv7M4_T_le_v4SPD16_eabi.lib</file>
         <name>s_scalbn.c.obj</name>
      </input_file>
      <input_file id="fl-d6">
         <path>C:\ti\ccs1250\ccs\tools\compiler\ti-cgt-arm_20.2.7.LTS\lib\</path>
         <kind>archive</kind>
         <file>rtsv7M4_T_le_v4SPD16_eabi.lib</file>
         <name>sprintf.c.obj</name>
      </input_file>
      <input_file id="fl-d7">
         <path>C:\ti\ccs1250\ccs\tools\compiler\ti-cgt-arm_20.2.7.LTS\lib\</path>
         <kind>archive</kind>
         <file>rtsv7M4_T_le_v4SPD16_eabi.lib</file>
         <name>fd_add_t2.asm.obj</name>
      </input_file>
      <input_file id="fl-d8">
         <path>C:\ti\ccs1250\ccs\tools\compiler\ti-cgt-arm_20.2.7.LTS\lib\</path>
         <kind>archive</kind>
         <file>rtsv7M4_T_le_v4SPD16_eabi.lib</file>
         <name>fd_cmp_t2.asm.obj</name>
      </input_file>
      <input_file id="fl-d9">
         <path>C:\ti\ccs1250\ccs\tools\compiler\ti-cgt-arm_20.2.7.LTS\lib\</path>
         <kind>archive</kind>
         <file>rtsv7M4_T_le_v4SPD16_eabi.lib</file>
         <name>fd_div_t2.asm.obj</name>
      </input_file>
      <input_file id="fl-da">
         <path>C:\ti\ccs1250\ccs\tools\compiler\ti-cgt-arm_20.2.7.LTS\lib\</path>
         <kind>archive</kind>
         <file>rtsv7M4_T_le_v4SPD16_eabi.lib</file>
         <name>fd_mul_t2.asm.obj</name>
      </input_file>
      <input_file id="fl-db">
         <path>C:\ti\ccs1250\ccs\tools\compiler\ti-cgt-arm_20.2.7.LTS\lib\</path>
         <kind>archive</kind>
         <file>rtsv7M4_T_le_v4SPD16_eabi.lib</file>
         <name>fd_tos_t2.asm.obj</name>
      </input_file>
      <input_file id="fl-dc">
         <path>C:\ti\ccs1250\ccs\tools\compiler\ti-cgt-arm_20.2.7.LTS\lib\</path>
         <kind>archive</kind>
         <file>rtsv7M4_T_le_v4SPD16_eabi.lib</file>
         <name>fs_tod_t2.asm.obj</name>
      </input_file>
      <input_file id="fl-dd">
         <path>C:\ti\ccs1250\ccs\tools\compiler\ti-cgt-arm_20.2.7.LTS\lib\</path>
         <kind>archive</kind>
         <file>rtsv7M4_T_le_v4SPD16_eabi.lib</file>
         <name>fs_toull_t2.asm.obj</name>
      </input_file>
      <input_file id="fl-de">
         <path>C:\ti\ccs1250\ccs\tools\compiler\ti-cgt-arm_20.2.7.LTS\lib\</path>
         <kind>archive</kind>
         <file>rtsv7M4_T_le_v4SPD16_eabi.lib</file>
         <name>i_tofd_t2.asm.obj</name>
      </input_file>
      <input_file id="fl-df">
         <path>C:\ti\ccs1250\ccs\tools\compiler\ti-cgt-arm_20.2.7.LTS\lib\</path>
         <kind>archive</kind>
         <file>rtsv7M4_T_le_v4SPD16_eabi.lib</file>
         <name>memcpy_t2.asm.obj</name>
      </input_file>
      <input_file id="fl-e0">
         <path>C:\ti\ccs1250\ccs\tools\compiler\ti-cgt-arm_20.2.7.LTS\lib\</path>
         <kind>archive</kind>
         <file>rtsv7M4_T_le_v4SPD16_eabi.lib</file>
         <name>memset_t2.asm.obj</name>
      </input_file>
      <input_file id="fl-e1">
         <path>C:\ti\ccs1250\ccs\tools\compiler\ti-cgt-arm_20.2.7.LTS\lib\</path>
         <kind>archive</kind>
         <file>rtsv7M4_T_le_v4SPD16_eabi.lib</file>
         <name>u_divt2.asm.obj</name>
      </input_file>
      <input_file id="fl-e2">
         <path>C:\ti\ccs1250\ccs\tools\compiler\ti-cgt-arm_20.2.7.LTS\lib\</path>
         <kind>archive</kind>
         <file>rtsv7M4_T_le_v4SPD16_eabi.lib</file>
         <name>copy_zero_init.c.obj</name>
      </input_file>
      <input_file id="fl-e3">
         <path>C:\ti\ccs1250\ccs\tools\compiler\ti-cgt-arm_20.2.7.LTS\lib\</path>
         <kind>archive</kind>
         <file>rtsv7M4_T_le_v4SPD16_eabi.lib</file>
         <name>copy_decompress_none.c.obj</name>
      </input_file>
      <input_file id="fl-e4">
         <path>C:\ti\ccs1250\ccs\tools\compiler\ti-cgt-arm_20.2.7.LTS\lib\</path>
         <kind>archive</kind>
         <file>rtsv7M4_T_le_v4SPD16_eabi.lib</file>
         <name>copy_decompress_lzss.c.obj</name>
      </input_file>
      <input_file id="fl-e5">
         <path>C:\ti\ccs1250\ccs\tools\compiler\ti-cgt-arm_20.2.7.LTS\lib\</path>
         <kind>archive</kind>
         <file>rtsv7M4_T_le_v4SPD16_eabi.lib</file>
         <name>strcmp.c.obj</name>
      </input_file>
      <input_file id="fl-e6">
         <path>C:\ti\ccs1250\ccs\tools\compiler\ti-cgt-arm_20.2.7.LTS\lib\</path>
         <kind>archive</kind>
         <file>rtsv7M4_T_le_v4SPD16_eabi.lib</file>
         <name>strcpy.c.obj</name>
      </input_file>
      <input_file id="fl-e7">
         <path>C:\ti\ccs1250\ccs\tools\compiler\ti-cgt-arm_20.2.7.LTS\lib\</path>
         <kind>archive</kind>
         <file>rtsv7M4_T_le_v4SPD16_eabi.lib</file>
         <name>strlen.c.obj</name>
      </input_file>
      <input_file id="fl-e8">
         <path>C:\ti\ccs1250\ccs\tools\compiler\ti-cgt-arm_20.2.7.LTS\lib\</path>
         <kind>archive</kind>
         <file>rtsv7M4_T_le_v4SPD16_eabi.lib</file>
         <name>strncat.c.obj</name>
      </input_file>
      <input_file id="fl-e9">
         <path>C:\ti\ccs1250\ccs\tools\compiler\ti-cgt-arm_20.2.7.LTS\lib\</path>
         <kind>archive</kind>
         <file>rtsv7M4_T_le_v4SPD16_eabi.lib</file>
         <name>boot_cortex_m.c.obj</name>
      </input_file>
      <input_file id="fl-ea">
         <path>C:\ti\ccs1250\ccs\tools\compiler\ti-cgt-arm_20.2.7.LTS\lib\</path>
         <kind>archive</kind>
         <file>rtsv7M4_T_le_v4SPD16_eabi.lib</file>
         <name>errno.c.obj</name>
      </input_file>
      <input_file id="fl-eb">
         <path>C:\ti\ccs1250\ccs\tools\compiler\ti-cgt-arm_20.2.7.LTS\lib\</path>
         <kind>archive</kind>
         <file>rtsv7M4_T_le_v4SPD16_eabi.lib</file>
         <name>s_copysign.c.obj</name>
      </input_file>
      <input_file id="fl-ec">
         <path>C:\ti\ccs1250\ccs\tools\compiler\ti-cgt-arm_20.2.7.LTS\lib\</path>
         <kind>archive</kind>
         <file>rtsv7M4_T_le_v4SPD16_eabi.lib</file>
         <name>_printfi.c.obj</name>
      </input_file>
      <input_file id="fl-ed">
         <path>C:\ti\ccs1250\ccs\tools\compiler\ti-cgt-arm_20.2.7.LTS\lib\</path>
         <kind>archive</kind>
         <file>rtsv7M4_T_le_v4SPD16_eabi.lib</file>
         <name>div0.asm.obj</name>
      </input_file>
      <input_file id="fl-ee">
         <path>C:\ti\ccs1250\ccs\tools\compiler\ti-cgt-arm_20.2.7.LTS\lib\</path>
         <kind>archive</kind>
         <file>rtsv7M4_T_le_v4SPD16_eabi.lib</file>
         <name>fd_toi_t2.asm.obj</name>
      </input_file>
      <input_file id="fl-ef">
         <path>C:\ti\ccs1250\ccs\tools\compiler\ti-cgt-arm_20.2.7.LTS\lib\</path>
         <kind>archive</kind>
         <file>rtsv7M4_T_le_v4SPD16_eabi.lib</file>
         <name>ull_div_t2.asm.obj</name>
      </input_file>
      <input_file id="fl-f0">
         <path>C:\ti\ccs1250\ccs\tools\compiler\ti-cgt-arm_20.2.7.LTS\lib\</path>
         <kind>archive</kind>
         <file>rtsv7M4_T_le_v4SPD16_eabi.lib</file>
         <name>autoinit.c.obj</name>
      </input_file>
      <input_file id="fl-f1">
         <path>C:\ti\ccs1250\ccs\tools\compiler\ti-cgt-arm_20.2.7.LTS\lib\</path>
         <kind>archive</kind>
         <file>rtsv7M4_T_le_v4SPD16_eabi.lib</file>
         <name>pre_init.c.obj</name>
      </input_file>
      <input_file id="fl-f2">
         <path>C:\ti\ccs1250\ccs\tools\compiler\ti-cgt-arm_20.2.7.LTS\lib\</path>
         <kind>archive</kind>
         <file>rtsv7M4_T_le_v4SPD16_eabi.lib</file>
         <name>cpy_tbl.c.obj</name>
      </input_file>
      <input_file id="fl-f3">
         <path>C:\ti\ccs1250\ccs\tools\compiler\ti-cgt-arm_20.2.7.LTS\lib\</path>
         <kind>archive</kind>
         <file>rtsv7M4_T_le_v4SPD16_eabi.lib</file>
         <name>exit.c.obj</name>
      </input_file>
      <input_file id="fl-f4">
         <path>C:\ti\ccs1250\ccs\tools\compiler\ti-cgt-arm_20.2.7.LTS\lib\</path>
         <kind>archive</kind>
         <file>rtsv7M4_T_le_v4SPD16_eabi.lib</file>
         <name>_lock.c.obj</name>
      </input_file>
      <input_file id="fl-f5">
         <path>C:\ti\ccs1250\ccs\tools\compiler\ti-cgt-arm_20.2.7.LTS\lib\</path>
         <kind>archive</kind>
         <file>rtsv7M4_T_le_v4SPD16_eabi.lib</file>
         <name>_ltoa.c.obj</name>
      </input_file>
      <input_file id="fl-f6">
         <path>C:\ti\ccs1250\ccs\tools\compiler\ti-cgt-arm_20.2.7.LTS\lib\</path>
         <kind>archive</kind>
         <file>rtsv7M4_T_le_v4SPD16_eabi.lib</file>
         <name>args_main.c.obj</name>
      </input_file>
      <input_file id="fl-f7">
         <path>C:\ti\ccs1250\ccs\tools\compiler\ti-cgt-arm_20.2.7.LTS\lib\</path>
         <kind>archive</kind>
         <file>rtsv7M4_T_le_v4SPD16_eabi.lib</file>
         <name>memccpy.c.obj</name>
      </input_file>
      <input_file id="fl-f8">
         <path>C:\ti\ccs1250\ccs\tools\compiler\ti-cgt-arm_20.2.7.LTS\lib\</path>
         <kind>archive</kind>
         <file>rtsv7M4_T_le_v4SPD16_eabi.lib</file>
         <name>strchr.c.obj</name>
      </input_file>
      <input_file id="fl-f9">
         <path>C:\ti\ccs1250\ccs\tools\compiler\ti-cgt-arm_20.2.7.LTS\lib\</path>
         <kind>archive</kind>
         <file>rtsv7M4_T_le_v4SPD16_eabi.lib</file>
         <name>wcslen.c.obj</name>
      </input_file>
      <input_file id="fl-fa">
         <path>C:\ti\ccs1250\ccs\tools\compiler\ti-cgt-arm_20.2.7.LTS\lib\</path>
         <kind>archive</kind>
         <file>rtsv7M4_T_le_v4SPD16_eabi.lib</file>
         <name>s_frexp.c.obj</name>
      </input_file>
      <input_file id="fl-fb">
         <path>C:\ti\tivaware_c_series_2_1_4_178\driverlib\ccs\Debug\</path>
         <kind>archive</kind>
         <file>driverlib.lib</file>
         <name>fpu.obj</name>
      </input_file>
      <input_file id="fl-fc">
         <path>C:\ti\tivaware_c_series_2_1_4_178\driverlib\ccs\Debug\</path>
         <kind>archive</kind>
         <file>driverlib.lib</file>
         <name>gpio.obj</name>
      </input_file>
      <input_file id="fl-fd">
         <path>C:\ti\tivaware_c_series_2_1_4_178\driverlib\ccs\Debug\</path>
         <kind>archive</kind>
         <file>driverlib.lib</file>
         <name>i2c.obj</name>
      </input_file>
      <input_file id="fl-fe">
         <path>C:\ti\tivaware_c_series_2_1_4_178\driverlib\ccs\Debug\</path>
         <kind>archive</kind>
         <file>driverlib.lib</file>
         <name>interrupt.obj</name>
      </input_file>
      <input_file id="fl-ff">
         <path>C:\ti\tivaware_c_series_2_1_4_178\driverlib\ccs\Debug\</path>
         <kind>archive</kind>
         <file>driverlib.lib</file>
         <name>pwm.obj</name>
      </input_file>
      <input_file id="fl-100">
         <path>C:\ti\tivaware_c_series_2_1_4_178\driverlib\ccs\Debug\</path>
         <kind>archive</kind>
         <file>driverlib.lib</file>
         <name>sysctl.obj</name>
      </input_file>
      <input_file id="fl-101">
         <path>C:\ti\tivaware_c_series_2_1_4_178\driverlib\ccs\Debug\</path>
         <kind>archive</kind>
         <file>driverlib.lib</file>
         <name>uart.obj</name>
      </input_file>
      <input_file id="fl-102">
         <path>C:\ti\tivaware_c_series_2_1_4_178\driverlib\ccs\Debug\</path>
         <kind>archive</kind>
         <file>driverlib.lib</file>
         <name>cpu.obj</name>
      </input_file>
   </input_file_list>
   <object_component_list>
      <object_component id="oc-12">
         <name>.intvecs</name>
         <load_address>0x0</load_address>
         <run_address>0x0</run_address>
         <size>0x26c</size>
         <input_file_ref idref="fl-d"/>
      </object_component>
      <object_component id="oc-51e">
         <name>.text:__TI_printfi</name>
         <load_address>0x26c</load_address>
         <run_address>0x26c</run_address>
         <size>0xa4e</size>
         <input_file_ref idref="fl-ec"/>
      </object_component>
      <object_component id="oc-33">
         <name>.text:FaultISR</name>
         <load_address>0xcba</load_address>
         <run_address>0xcba</run_address>
         <size>0x2</size>
         <input_file_ref idref="fl-d"/>
      </object_component>
      <object_component id="oc-4f3">
         <name>.text:pow</name>
         <load_address>0xcbc</load_address>
         <run_address>0xcbc</run_address>
         <size>0x9d0</size>
         <input_file_ref idref="fl-d3"/>
      </object_component>
      <object_component id="oc-212">
         <name>.text:MENUTask</name>
         <load_address>0x168c</load_address>
         <run_address>0x168c</run_address>
         <size>0x3d8</size>
         <input_file_ref idref="fl-c"/>
      </object_component>
      <object_component id="oc-67f">
         <name>.text:_pconv_a</name>
         <load_address>0x1a64</load_address>
         <run_address>0x1a64</run_address>
         <size>0x270</size>
         <input_file_ref idref="fl-ec"/>
      </object_component>
      <object_component id="oc-66d">
         <name>.text:_pconv_g</name>
         <load_address>0x1cd4</load_address>
         <run_address>0x1cd4</run_address>
         <size>0x1d0</size>
         <input_file_ref idref="fl-ec"/>
      </object_component>
      <object_component id="oc-62e">
         <name>.text</name>
         <load_address>0x1ea4</load_address>
         <run_address>0x1ea4</run_address>
         <size>0x1b6</size>
         <input_file_ref idref="fl-d7"/>
      </object_component>
      <object_component id="oc-39">
         <name>.text:IntDefaultHandler</name>
         <load_address>0x205a</load_address>
         <run_address>0x205a</run_address>
         <size>0x2</size>
         <input_file_ref idref="fl-d"/>
      </object_component>
      <object_component id="oc-229">
         <name>.text:UARTTask</name>
         <load_address>0x205c</load_address>
         <run_address>0x205c</run_address>
         <size>0x19c</size>
         <input_file_ref idref="fl-7"/>
      </object_component>
      <object_component id="oc-638">
         <name>.text:sqrt</name>
         <load_address>0x21f8</load_address>
         <run_address>0x21f8</run_address>
         <size>0x158</size>
         <input_file_ref idref="fl-d4"/>
      </object_component>
      <object_component id="oc-679">
         <name>.text:_pconv_e</name>
         <load_address>0x2350</load_address>
         <run_address>0x2350</run_address>
         <size>0x13c</size>
         <input_file_ref idref="fl-ec"/>
      </object_component>
      <object_component id="oc-633">
         <name>.text</name>
         <load_address>0x248c</load_address>
         <run_address>0x248c</run_address>
         <size>0x136</size>
         <input_file_ref idref="fl-d9"/>
      </object_component>
      <object_component id="oc-45b">
         <name>.text:GPIOPadConfigSet</name>
         <load_address>0x25c2</load_address>
         <run_address>0x25c2</run_address>
         <size>0x132</size>
         <input_file_ref idref="fl-fc"/>
      </object_component>
      <object_component id="oc-74a">
         <name>.text:fcvt</name>
         <load_address>0x26f4</load_address>
         <run_address>0x26f4</run_address>
         <size>0x124</size>
         <input_file_ref idref="fl-ec"/>
      </object_component>
      <object_component id="oc-1da">
         <name>.text:xQueueGenericReceive</name>
         <load_address>0x2818</load_address>
         <run_address>0x2818</run_address>
         <size>0x118</size>
         <input_file_ref idref="fl-12"/>
      </object_component>
      <object_component id="oc-206">
         <name>.text:I2CTask</name>
         <load_address>0x2930</load_address>
         <run_address>0x2930</run_address>
         <size>0x114</size>
         <input_file_ref idref="fl-2"/>
      </object_component>
      <object_component id="oc-4b4">
         <name>.text:SysCtlClockGet</name>
         <load_address>0x2a44</load_address>
         <run_address>0x2a44</run_address>
         <size>0x110</size>
         <input_file_ref idref="fl-100"/>
      </object_component>
      <object_component id="oc-651">
         <name>.text:scalbn</name>
         <load_address>0x2b54</load_address>
         <run_address>0x2b54</run_address>
         <size>0x110</size>
         <input_file_ref idref="fl-d5"/>
      </object_component>
      <object_component id="oc-9b">
         <name>.text:xTaskIncrementTick</name>
         <load_address>0x2c64</load_address>
         <run_address>0x2c64</run_address>
         <size>0x104</size>
         <input_file_ref idref="fl-13"/>
      </object_component>
      <object_component id="oc-1f2">
         <name>.text:xTaskGenericCreate</name>
         <load_address>0x2d68</load_address>
         <run_address>0x2d68</run_address>
         <size>0x100</size>
         <input_file_ref idref="fl-13"/>
      </object_component>
      <object_component id="oc-1d4">
         <name>.text:LCD_init</name>
         <load_address>0x2e68</load_address>
         <run_address>0x2e68</run_address>
         <size>0xfc</size>
         <input_file_ref idref="fl-4"/>
      </object_component>
      <object_component id="oc-4f9">
         <name>.text</name>
         <load_address>0x2f64</load_address>
         <run_address>0x2f64</run_address>
         <size>0xfc</size>
         <input_file_ref idref="fl-da"/>
      </object_component>
      <object_component id="oc-57e">
         <name>.text:SysCtlClockSet</name>
         <load_address>0x3060</load_address>
         <run_address>0x3060</run_address>
         <size>0xf4</size>
         <input_file_ref idref="fl-100"/>
      </object_component>
      <object_component id="oc-1ce">
         <name>.text:xQueueGenericSend</name>
         <load_address>0x3154</load_address>
         <run_address>0x3154</run_address>
         <size>0xe8</size>
         <input_file_ref idref="fl-12"/>
      </object_component>
      <object_component id="oc-294">
         <name>.text:xTaskResumeAll</name>
         <load_address>0x323c</load_address>
         <run_address>0x323c</run_address>
         <size>0xe4</size>
         <input_file_ref idref="fl-13"/>
      </object_component>
      <object_component id="oc-3f">
         <name>.text</name>
         <load_address>0x3320</load_address>
         <run_address>0x3320</run_address>
         <size>0xd2</size>
         <input_file_ref idref="fl-15"/>
      </object_component>
      <object_component id="oc-2d">
         <name>.text:NmiSR</name>
         <load_address>0x33f2</load_address>
         <run_address>0x33f2</run_address>
         <size>0x2</size>
         <input_file_ref idref="fl-d"/>
      </object_component>
      <object_component id="oc-7a9">
         <name>.text:process_buffer</name>
         <load_address>0x33f4</load_address>
         <run_address>0x33f4</run_address>
         <size>0xb4</size>
         <input_file_ref idref="fl-7"/>
      </object_component>
      <object_component id="oc-667">
         <name>.text:_ltostr</name>
         <load_address>0x34a8</load_address>
         <run_address>0x34a8</run_address>
         <size>0xb1</size>
         <input_file_ref idref="fl-ec"/>
      </object_component>
      <object_component id="oc-7c1">
         <name>.text</name>
         <load_address>0x355a</load_address>
         <run_address>0x355a</run_address>
         <size>0x2</size>
         <input_file_ref idref="fl-ed"/>
      </object_component>
      <object_component id="oc-261">
         <name>.text:pvPortMalloc</name>
         <load_address>0x355c</load_address>
         <run_address>0x355c</run_address>
         <size>0xac</size>
         <input_file_ref idref="fl-16"/>
      </object_component>
      <object_component id="oc-134">
         <name>.text:MENUTaskInit</name>
         <load_address>0x3608</load_address>
         <run_address>0x3608</run_address>
         <size>0xa4</size>
         <input_file_ref idref="fl-c"/>
      </object_component>
      <object_component id="oc-58">
         <name>.text</name>
         <load_address>0x36ac</load_address>
         <run_address>0x36ac</run_address>
         <size>0x9c</size>
         <input_file_ref idref="fl-df"/>
      </object_component>
      <object_component id="oc-72c">
         <name>.text</name>
         <load_address>0x3748</load_address>
         <run_address>0x3748</run_address>
         <size>0x96</size>
         <input_file_ref idref="fl-ef"/>
      </object_component>
      <object_component id="oc-ec">
         <name>.text:vApplicationStackOverflowHook</name>
         <load_address>0x37de</load_address>
         <run_address>0x37de</run_address>
         <size>0x2</size>
         <input_file_ref idref="fl-b"/>
      </object_component>
      <object_component id="oc-128">
         <name>.text:LCDTaskInit</name>
         <load_address>0x37e0</load_address>
         <run_address>0x37e0</run_address>
         <size>0x94</size>
         <input_file_ref idref="fl-5"/>
      </object_component>
      <object_component id="oc-3bd">
         <name>.text:transforma_hora</name>
         <load_address>0x3874</load_address>
         <run_address>0x3874</run_address>
         <size>0x94</size>
         <input_file_ref idref="fl-e"/>
      </object_component>
      <object_component id="oc-12e">
         <name>.text:I2CTaskInit</name>
         <load_address>0x3908</load_address>
         <run_address>0x3908</run_address>
         <size>0x90</size>
         <input_file_ref idref="fl-2"/>
      </object_component>
      <object_component id="oc-2cd">
         <name>.text:vTaskPriorityInherit</name>
         <load_address>0x3998</load_address>
         <run_address>0x3998</run_address>
         <size>0x90</size>
         <input_file_ref idref="fl-13"/>
      </object_component>
      <object_component id="oc-94">
         <name>.text:vTaskSwitchContext</name>
         <load_address>0x3a28</load_address>
         <run_address>0x3a28</run_address>
         <size>0x8c</size>
         <input_file_ref idref="fl-13"/>
      </object_component>
      <object_component id="oc-647">
         <name>.text:__aeabi_cdcmple</name>
         <load_address>0x3ab4</load_address>
         <run_address>0x3ab4</run_address>
         <size>0x86</size>
         <input_file_ref idref="fl-d8"/>
      </object_component>
      <object_component id="oc-64c">
         <name>.text:__aeabi_cdrcmple</name>
         <load_address>0x3b3a</load_address>
         <run_address>0x3b3a</run_address>
         <size>0x86</size>
         <input_file_ref idref="fl-d8"/>
      </object_component>
      <object_component id="oc-1e0">
         <name>.text:LCD_Command</name>
         <load_address>0x3bc0</load_address>
         <run_address>0x3bc0</run_address>
         <size>0x84</size>
         <input_file_ref idref="fl-4"/>
      </object_component>
      <object_component id="oc-324">
         <name>.text:ftoa</name>
         <load_address>0x3c44</load_address>
         <run_address>0x3c44</run_address>
         <size>0x84</size>
         <input_file_ref idref="fl-9"/>
      </object_component>
      <object_component id="oc-267">
         <name>.text:xQueueGenericReset</name>
         <load_address>0x3cc8</load_address>
         <run_address>0x3cc8</run_address>
         <size>0x84</size>
         <input_file_ref idref="fl-12"/>
      </object_component>
      <object_component id="oc-3b1">
         <name>.text:UART_init</name>
         <load_address>0x3d4c</load_address>
         <run_address>0x3d4c</run_address>
         <size>0x7c</size>
         <input_file_ref idref="fl-7"/>
      </object_component>
      <object_component id="oc-c3">
         <name>.text</name>
         <load_address>0x3dc8</load_address>
         <run_address>0x3dc8</run_address>
         <size>0x7a</size>
         <input_file_ref idref="fl-e0"/>
      </object_component>
      <object_component id="oc-306">
         <name>.text:I2C_Init</name>
         <load_address>0x3e44</load_address>
         <run_address>0x3e44</run_address>
         <size>0x78</size>
         <input_file_ref idref="fl-9"/>
      </object_component>
      <object_component id="oc-34d">
         <name>.text:guarda_hora</name>
         <load_address>0x3ebc</load_address>
         <run_address>0x3ebc</run_address>
         <size>0x78</size>
         <input_file_ref idref="fl-e"/>
      </object_component>
      <object_component id="oc-44c">
         <name>.text:xTaskPriorityDisinherit</name>
         <load_address>0x3f34</load_address>
         <run_address>0x3f34</run_address>
         <size>0x78</size>
         <input_file_ref idref="fl-13"/>
      </object_component>
      <object_component id="oc-318">
         <name>.text:READ_temperature</name>
         <load_address>0x3fac</load_address>
         <run_address>0x3fac</run_address>
         <size>0x74</size>
         <input_file_ref idref="fl-9"/>
      </object_component>
      <object_component id="oc-2ac">
         <name>.text:xTaskRemoveFromEventList</name>
         <load_address>0x4020</load_address>
         <run_address>0x4020</run_address>
         <size>0x74</size>
         <input_file_ref idref="fl-13"/>
      </object_component>
      <object_component id="oc-2a6">
         <name>.text:prvCopyDataToQueue</name>
         <load_address>0x4094</load_address>
         <run_address>0x4094</run_address>
         <size>0x72</size>
         <input_file_ref idref="fl-12"/>
      </object_component>
      <object_component id="oc-347">
         <name>.text:verf_hora</name>
         <load_address>0x4106</load_address>
         <run_address>0x4106</run_address>
         <size>0x72</size>
         <input_file_ref idref="fl-e"/>
      </object_component>
      <object_component id="oc-219">
         <name>.text:PWM_Init</name>
         <load_address>0x4178</load_address>
         <run_address>0x4178</run_address>
         <size>0x70</size>
         <input_file_ref idref="fl-6"/>
      </object_component>
      <object_component id="oc-743">
         <name>.text:_mcpy</name>
         <load_address>0x41e8</load_address>
         <run_address>0x41e8</run_address>
         <size>0x6e</size>
         <input_file_ref idref="fl-ec"/>
      </object_component>
      <object_component id="oc-4fe">
         <name>.text</name>
         <load_address>0x4256</load_address>
         <run_address>0x4256</run_address>
         <size>0x6e</size>
         <input_file_ref idref="fl-db"/>
      </object_component>
      <object_component id="oc-590">
         <name>.text:IntEnable</name>
         <load_address>0x42c4</load_address>
         <run_address>0x42c4</run_address>
         <size>0x68</size>
         <input_file_ref idref="fl-fe"/>
      </object_component>
      <object_component id="oc-15">
         <name>.text:decompress:lzss:__TI_decompress_lzss</name>
         <load_address>0x432c</load_address>
         <run_address>0x432c</run_address>
         <size>0x68</size>
         <input_file_ref idref="fl-e4"/>
      </object_component>
      <object_component id="oc-758">
         <name>.text:frexp</name>
         <load_address>0x4394</load_address>
         <run_address>0x4394</run_address>
         <size>0x64</size>
         <input_file_ref idref="fl-fa"/>
      </object_component>
      <object_component id="oc-2a0">
         <name>.text:vTaskPlaceOnEventList</name>
         <load_address>0x43f8</load_address>
         <run_address>0x43f8</run_address>
         <size>0x64</size>
         <input_file_ref idref="fl-13"/>
      </object_component>
      <object_component id="oc-341">
         <name>.text:verf_data</name>
         <load_address>0x445c</load_address>
         <run_address>0x445c</run_address>
         <size>0x64</size>
         <input_file_ref idref="fl-e"/>
      </object_component>
      <object_component id="oc-28e">
         <name>.text:prvUnlockQueue</name>
         <load_address>0x44c0</load_address>
         <run_address>0x44c0</run_address>
         <size>0x62</size>
         <input_file_ref idref="fl-12"/>
      </object_component>
      <object_component id="oc-5b0">
         <name>.text:citoa</name>
         <load_address>0x4522</load_address>
         <run_address>0x4522</run_address>
         <size>0x60</size>
         <input_file_ref idref="fl-e"/>
      </object_component>
      <object_component id="oc-2f6">
         <name>.text:prvInitialiseTaskLists</name>
         <load_address>0x4584</load_address>
         <run_address>0x4584</run_address>
         <size>0x60</size>
         <input_file_ref idref="fl-13"/>
      </object_component>
      <object_component id="oc-146">
         <name>.text:vTaskStartScheduler</name>
         <load_address>0x45e4</load_address>
         <run_address>0x45e4</run_address>
         <size>0x60</size>
         <input_file_ref idref="fl-13"/>
      </object_component>
      <object_component id="oc-312">
         <name>.text:vTaskDelay</name>
         <load_address>0x4644</load_address>
         <run_address>0x4644</run_address>
         <size>0x5c</size>
         <input_file_ref idref="fl-13"/>
      </object_component>
      <object_component id="oc-3e4">
         <name>.text:prvCheckTasksWaitingTermination</name>
         <load_address>0x46a0</load_address>
         <run_address>0x46a0</run_address>
         <size>0x58</size>
         <input_file_ref idref="fl-13"/>
      </object_component>
      <object_component id="oc-673">
         <name>.text:_pconv_f</name>
         <load_address>0x46f8</load_address>
         <run_address>0x46f8</run_address>
         <size>0x56</size>
         <input_file_ref idref="fl-ec"/>
      </object_component>
      <object_component id="oc-2ea">
         <name>.text:prvInitialiseTCBVariables</name>
         <load_address>0x474e</load_address>
         <run_address>0x474e</run_address>
         <size>0x56</size>
         <input_file_ref idref="fl-13"/>
      </object_component>
      <object_component id="oc-495">
         <name>.text:LCD_Write_c</name>
         <load_address>0x47a4</load_address>
         <run_address>0x47a4</run_address>
         <size>0x54</size>
         <input_file_ref idref="fl-4"/>
      </object_component>
      <object_component id="oc-737">
         <name>.text:__TI_ltoa</name>
         <load_address>0x47f8</load_address>
         <run_address>0x47f8</run_address>
         <size>0x54</size>
         <input_file_ref idref="fl-f5"/>
      </object_component>
      <object_component id="oc-288">
         <name>.text:xTaskCheckForTimeOut</name>
         <load_address>0x484c</load_address>
         <run_address>0x484c</run_address>
         <size>0x54</size>
         <input_file_ref idref="fl-13"/>
      </object_component>
      <object_component id="oc-73d">
         <name>.text:_ecpy</name>
         <load_address>0x48a0</load_address>
         <run_address>0x48a0</run_address>
         <size>0x52</size>
         <input_file_ref idref="fl-ec"/>
      </object_component>
      <object_component id="oc-540">
         <name>.text:atoi</name>
         <load_address>0x48f2</load_address>
         <run_address>0x48f2</run_address>
         <size>0x52</size>
         <input_file_ref idref="fl-e"/>
      </object_component>
      <object_component id="oc-49c">
         <name>.text:SysCtlPeripheralReset</name>
         <load_address>0x4944</load_address>
         <run_address>0x4944</run_address>
         <size>0x50</size>
         <input_file_ref idref="fl-100"/>
      </object_component>
      <object_component id="oc-4ba">
         <name>.text:I2CMasterInitExpClk</name>
         <load_address>0x4994</load_address>
         <run_address>0x4994</run_address>
         <size>0x4c</size>
         <input_file_ref idref="fl-fd"/>
      </object_component>
      <object_component id="oc-442">
         <name>.text:prvAddCurrentTaskToDelayedList</name>
         <load_address>0x49e0</load_address>
         <run_address>0x49e0</run_address>
         <size>0x4c</size>
         <input_file_ref idref="fl-13"/>
      </object_component>
      <object_component id="oc-30c">
         <name>.text:Configure_Sensor</name>
         <load_address>0x4a2c</load_address>
         <run_address>0x4a2c</run_address>
         <size>0x48</size>
         <input_file_ref idref="fl-9"/>
      </object_component>
      <object_component id="oc-371">
         <name>.text:GPIOPinConfigure</name>
         <load_address>0x4a74</load_address>
         <run_address>0x4a74</run_address>
         <size>0x48</size>
         <input_file_ref idref="fl-fc"/>
      </object_component>
      <object_component id="oc-1fc">
         <name>.text:LCDTask</name>
         <load_address>0x4abc</load_address>
         <run_address>0x4abc</run_address>
         <size>0x48</size>
         <input_file_ref idref="fl-5"/>
      </object_component>
      <object_component id="oc-6ed">
         <name>.text:Receive_MSG</name>
         <load_address>0x4b04</load_address>
         <run_address>0x4b04</run_address>
         <size>0x48</size>
         <input_file_ref idref="fl-7"/>
      </object_component>
      <object_component id="oc-140">
         <name>.text:UARTTaskInit</name>
         <load_address>0x4b4c</load_address>
         <run_address>0x4b4c</run_address>
         <size>0x48</size>
         <input_file_ref idref="fl-7"/>
      </object_component>
      <object_component id="oc-4e3">
         <name>.text:intToStr</name>
         <load_address>0x4b94</load_address>
         <run_address>0x4b94</run_address>
         <size>0x48</size>
         <input_file_ref idref="fl-9"/>
      </object_component>
      <object_component id="oc-732">
         <name>.text</name>
         <load_address>0x4bdc</load_address>
         <run_address>0x4bdc</run_address>
         <size>0x48</size>
         <input_file_ref idref="fl-ee"/>
      </object_component>
      <object_component id="oc-58a">
         <name>.text:UARTConfigSetExpClk</name>
         <load_address>0x4c24</load_address>
         <run_address>0x4c24</run_address>
         <size>0x46</size>
         <input_file_ref idref="fl-101"/>
      </object_component>
      <object_component id="oc-159">
         <name>.text:__TI_auto_init_nobinit_nopinit:__TI_auto_init_nobinit_nopinit</name>
         <load_address>0x4c6c</load_address>
         <run_address>0x4c6c</run_address>
         <size>0x44</size>
         <input_file_ref idref="fl-f0"/>
      </object_component>
      <object_component id="oc-470">
         <name>.text:vPortFree</name>
         <load_address>0x4cb0</load_address>
         <run_address>0x4cb0</run_address>
         <size>0x44</size>
         <input_file_ref idref="fl-16"/>
      </object_component>
      <object_component id="oc-6d3">
         <name>.text:_UARTIntNumberGet</name>
         <load_address>0x4cf4</load_address>
         <run_address>0x4cf4</run_address>
         <size>0x40</size>
         <input_file_ref idref="fl-101"/>
      </object_component>
      <object_component id="oc-330">
         <name>.text:sprintf</name>
         <load_address>0x4d34</load_address>
         <run_address>0x4d34</run_address>
         <size>0x40</size>
         <input_file_ref idref="fl-d6"/>
      </object_component>
      <object_component id="oc-230">
         <name>.text:xPortStartScheduler</name>
         <load_address>0x4d74</load_address>
         <run_address>0x4d74</run_address>
         <size>0x40</size>
         <input_file_ref idref="fl-14"/>
      </object_component>
      <object_component id="oc-750">
         <name>.text:_fcpy</name>
         <load_address>0x4db4</load_address>
         <run_address>0x4db4</run_address>
         <size>0x3e</size>
         <input_file_ref idref="fl-ec"/>
      </object_component>
      <object_component id="oc-13a">
         <name>.text:BUZZERTaskInit</name>
         <load_address>0x4df4</load_address>
         <run_address>0x4df4</run_address>
         <size>0x3c</size>
         <input_file_ref idref="fl-8"/>
      </object_component>
      <object_component id="oc-1c8">
         <name>.text:xQueueGenericCreate</name>
         <load_address>0x4e30</load_address>
         <run_address>0x4e30</run_address>
         <size>0x3c</size>
         <input_file_ref idref="fl-12"/>
      </object_component>
      <object_component id="oc-2e4">
         <name>.text:prvAllocateTCBAndStack</name>
         <load_address>0x4e6c</load_address>
         <run_address>0x4e6c</run_address>
         <size>0x3a</size>
         <input_file_ref idref="fl-13"/>
      </object_component>
      <object_component id="oc-4a2">
         <name>.text:SysCtlPeripheralReady</name>
         <load_address>0x4ea8</load_address>
         <run_address>0x4ea8</run_address>
         <size>0x38</size>
         <input_file_ref idref="fl-100"/>
      </object_component>
      <object_component id="oc-cf">
         <name>.text:main</name>
         <load_address>0x4ee0</load_address>
         <run_address>0x4ee0</run_address>
         <size>0x38</size>
         <input_file_ref idref="fl-b"/>
      </object_component>
      <object_component id="oc-4e9">
         <name>.text</name>
         <load_address>0x4f18</load_address>
         <run_address>0x4f18</run_address>
         <size>0x38</size>
         <input_file_ref idref="fl-dc"/>
      </object_component>
      <object_component id="oc-43c">
         <name>.text:vListInsert</name>
         <load_address>0x4f50</load_address>
         <run_address>0x4f50</run_address>
         <size>0x38</size>
         <input_file_ref idref="fl-11"/>
      </object_component>
      <object_component id="oc-6d9">
         <name>.text:IntRegister</name>
         <load_address>0x4f88</load_address>
         <run_address>0x4f88</run_address>
         <size>0x34</size>
         <input_file_ref idref="fl-fe"/>
      </object_component>
      <object_component id="oc-2b3">
         <name>.text:SysCtlPeripheralEnable</name>
         <load_address>0x4fbc</load_address>
         <run_address>0x4fbc</run_address>
         <size>0x34</size>
         <input_file_ref idref="fl-100"/>
      </object_component>
      <object_component id="oc-76">
         <name>.text:_c_int00_noargs:_c_int00_noargs</name>
         <load_address>0x4ff0</load_address>
         <run_address>0x4ff0</run_address>
         <size>0x34</size>
         <input_file_ref idref="fl-e9"/>
      </object_component>
      <object_component id="oc-32a">
         <name>.text:busca_hora</name>
         <load_address>0x5024</load_address>
         <run_address>0x5024</run_address>
         <size>0x34</size>
         <input_file_ref idref="fl-e"/>
      </object_component>
      <object_component id="oc-21f">
         <name>.text:BUZZERTask</name>
         <load_address>0x5058</load_address>
         <run_address>0x5058</run_address>
         <size>0x30</size>
         <input_file_ref idref="fl-8"/>
      </object_component>
      <object_component id="oc-3b7">
         <name>.text:find_packet</name>
         <load_address>0x5088</load_address>
         <run_address>0x5088</run_address>
         <size>0x30</size>
         <input_file_ref idref="fl-7"/>
      </object_component>
      <object_component id="oc-40c">
         <name>.text:prvHeapInit</name>
         <load_address>0x50b8</load_address>
         <run_address>0x50b8</run_address>
         <size>0x30</size>
         <input_file_ref idref="fl-16"/>
      </object_component>
      <object_component id="oc-4ee">
         <name>.text</name>
         <load_address>0x50e8</load_address>
         <run_address>0x50e8</run_address>
         <size>0x2e</size>
         <input_file_ref idref="fl-de"/>
      </object_component>
      <object_component id="oc-3c9">
         <name>.text:strncat</name>
         <load_address>0x5116</load_address>
         <run_address>0x5116</run_address>
         <size>0x2e</size>
         <input_file_ref idref="fl-e8"/>
      </object_component>
      <object_component id="oc-787">
         <name>.text:HibernateRTCSet</name>
         <load_address>0x5144</load_address>
         <run_address>0x5144</run_address>
         <size>0x2c</size>
         <input_file_ref idref="fl-e"/>
      </object_component>
      <object_component id="oc-548">
         <name>.text:relogio</name>
         <load_address>0x5170</load_address>
         <run_address>0x5170</run_address>
         <size>0x2c</size>
         <input_file_ref idref="fl-e"/>
      </object_component>
      <object_component id="oc-44">
         <name>.text:xPortSysTickHandler</name>
         <load_address>0x519c</load_address>
         <run_address>0x519c</run_address>
         <size>0x2c</size>
         <input_file_ref idref="fl-14"/>
      </object_component>
      <object_component id="oc-461">
         <name>.text:GPIODirModeSet</name>
         <load_address>0x51c8</load_address>
         <run_address>0x51c8</run_address>
         <size>0x2a</size>
         <input_file_ref idref="fl-fc"/>
      </object_component>
      <object_component id="oc-f6">
         <name>.text:prvResetNextTaskUnblockTime</name>
         <load_address>0x51f4</load_address>
         <run_address>0x51f4</run_address>
         <size>0x28</size>
         <input_file_ref idref="fl-13"/>
      </object_component>
      <object_component id="oc-2f0">
         <name>.text:pxPortInitialiseStack</name>
         <load_address>0x521c</load_address>
         <run_address>0x521c</run_address>
         <size>0x28</size>
         <input_file_ref idref="fl-14"/>
      </object_component>
      <object_component id="oc-2d3">
         <name>.text:prvCopyDataFromQueue</name>
         <load_address>0x5244</load_address>
         <run_address>0x5244</run_address>
         <size>0x26</size>
         <input_file_ref idref="fl-12"/>
      </object_component>
      <object_component id="oc-625">
         <name>.text:reverse</name>
         <load_address>0x526a</load_address>
         <run_address>0x526a</run_address>
         <size>0x26</size>
         <input_file_ref idref="fl-9"/>
      </object_component>
      <object_component id="oc-6f6">
         <name>.text:reverse_str</name>
         <load_address>0x5290</load_address>
         <run_address>0x5290</run_address>
         <size>0x26</size>
         <input_file_ref idref="fl-e"/>
      </object_component>
      <object_component id="oc-609">
         <name>.text:LCD_Pulse</name>
         <load_address>0x52b8</load_address>
         <run_address>0x52b8</run_address>
         <size>0x24</size>
         <input_file_ref idref="fl-4"/>
      </object_component>
      <object_component id="oc-37d">
         <name>.text:PWMGenConfigure</name>
         <load_address>0x52dc</load_address>
         <run_address>0x52dc</run_address>
         <size>0x22</size>
         <input_file_ref idref="fl-ff"/>
      </object_component>
      <object_component id="oc-6c0">
         <name>.text:UARTDisable</name>
         <load_address>0x5300</load_address>
         <run_address>0x5300</run_address>
         <size>0x20</size>
         <input_file_ref idref="fl-101"/>
      </object_component>
      <object_component id="oc-5a2">
         <name>.text:UARTIntHandler</name>
         <load_address>0x5320</load_address>
         <run_address>0x5320</run_address>
         <size>0x20</size>
         <input_file_ref idref="fl-7"/>
      </object_component>
      <object_component id="oc-fc">
         <name>.text:uxListRemove</name>
         <load_address>0x5340</load_address>
         <run_address>0x5340</run_address>
         <size>0x20</size>
         <input_file_ref idref="fl-11"/>
      </object_component>
      <object_component id="oc-38f">
         <name>.text:PWMPulseWidthSet</name>
         <load_address>0x5360</load_address>
         <run_address>0x5360</run_address>
         <size>0x1e</size>
         <input_file_ref idref="fl-ff"/>
      </object_component>
      <object_component id="oc-2ff">
         <name>.text:LCD_print</name>
         <load_address>0x537e</load_address>
         <run_address>0x537e</run_address>
         <size>0x1c</size>
         <input_file_ref idref="fl-4"/>
      </object_component>
      <object_component id="oc-685">
         <name>.text:memccpy</name>
         <load_address>0x539a</load_address>
         <run_address>0x539a</run_address>
         <size>0x1c</size>
         <input_file_ref idref="fl-f7"/>
      </object_component>
      <object_component id="oc-29a">
         <name>.text:prvIsQueueFull</name>
         <load_address>0x53b6</load_address>
         <run_address>0x53b6</run_address>
         <size>0x1c</size>
         <input_file_ref idref="fl-12"/>
      </object_component>
      <object_component id="oc-31e">
         <name>.text:temp_get</name>
         <load_address>0x53d4</load_address>
         <run_address>0x53d4</run_address>
         <size>0x1c</size>
         <input_file_ref idref="fl-9"/>
      </object_component>
      <object_component id="oc-282">
         <name>.text:vPortEnterCritical</name>
         <load_address>0x53f0</load_address>
         <run_address>0x53f0</run_address>
         <size>0x1c</size>
         <input_file_ref idref="fl-14"/>
      </object_component>
      <object_component id="oc-718">
         <name>.text:copysign</name>
         <load_address>0x540c</load_address>
         <run_address>0x540c</run_address>
         <size>0x1a</size>
         <input_file_ref idref="fl-eb"/>
      </object_component>
      <object_component id="oc-2c7">
         <name>.text:prvIsQueueEmpty</name>
         <load_address>0x5426</load_address>
         <run_address>0x5426</run_address>
         <size>0x1a</size>
         <input_file_ref idref="fl-12"/>
      </object_component>
      <object_component id="oc-2b9">
         <name>.text:GPIOPinTypeGPIOOutput</name>
         <load_address>0x5440</load_address>
         <run_address>0x5440</run_address>
         <size>0x18</size>
         <input_file_ref idref="fl-fc"/>
      </object_component>
      <object_component id="oc-596">
         <name>.text:UARTIntRegister</name>
         <load_address>0x5458</load_address>
         <run_address>0x5458</run_address>
         <size>0x18</size>
         <input_file_ref idref="fl-101"/>
      </object_component>
      <object_component id="oc-524">
         <name>.text:_outs</name>
         <load_address>0x5470</load_address>
         <run_address>0x5470</run_address>
         <size>0x18</size>
         <input_file_ref idref="fl-d6"/>
      </object_component>
      <object_component id="oc-2d9">
         <name>.text:pvTaskIncrementMutexHeldCount</name>
         <load_address>0x5488</load_address>
         <run_address>0x5488</run_address>
         <size>0x18</size>
         <input_file_ref idref="fl-13"/>
      </object_component>
      <object_component id="oc-5a9">
         <name>.text:strcmp</name>
         <load_address>0x54a0</load_address>
         <run_address>0x54a0</run_address>
         <size>0x18</size>
         <input_file_ref idref="fl-e5"/>
      </object_component>
      <object_component id="oc-102">
         <name>.text:vListInsertEnd</name>
         <load_address>0x54b8</load_address>
         <run_address>0x54b8</run_address>
         <size>0x18</size>
         <input_file_ref idref="fl-11"/>
      </object_component>
      <object_component id="oc-276">
         <name>.text:vPortExitCritical</name>
         <load_address>0x54d0</load_address>
         <run_address>0x54d0</run_address>
         <size>0x18</size>
         <input_file_ref idref="fl-14"/>
      </object_component>
      <object_component id="oc-270">
         <name>.text:vTaskSetTimeOutState</name>
         <load_address>0x54e8</load_address>
         <run_address>0x54e8</run_address>
         <size>0x18</size>
         <input_file_ref idref="fl-13"/>
      </object_component>
      <object_component id="oc-50b">
         <name>.text:getHours</name>
         <load_address>0x5500</load_address>
         <run_address>0x5500</run_address>
         <size>0x16</size>
         <input_file_ref idref="fl-e"/>
      </object_component>
      <object_component id="oc-3c3">
         <name>.text:leftShift</name>
         <load_address>0x5516</load_address>
         <run_address>0x5516</run_address>
         <size>0x16</size>
         <input_file_ref idref="fl-7"/>
      </object_component>
      <object_component id="oc-75e">
         <name>.text:strchr</name>
         <load_address>0x552c</load_address>
         <run_address>0x552c</run_address>
         <size>0x16</size>
         <input_file_ref idref="fl-f8"/>
      </object_component>
      <object_component id="oc-41d">
         <name>.text:vListInitialise</name>
         <load_address>0x5542</load_address>
         <run_address>0x5542</run_address>
         <size>0x16</size>
         <input_file_ref idref="fl-11"/>
      </object_component>
      <object_component id="oc-6a2">
         <name>.text:HibernateEnableExpClk</name>
         <load_address>0x5558</load_address>
         <run_address>0x5558</run_address>
         <size>0x14</size>
         <input_file_ref idref="fl-e"/>
      </object_component>
      <object_component id="oc-6a8">
         <name>.text:HibernateRTCEnable</name>
         <load_address>0x556c</load_address>
         <run_address>0x556c</run_address>
         <size>0x14</size>
         <input_file_ref idref="fl-e"/>
      </object_component>
      <object_component id="oc-6c6">
         <name>.text:UARTEnable</name>
         <load_address>0x5580</load_address>
         <run_address>0x5580</run_address>
         <size>0x14</size>
         <input_file_ref idref="fl-101"/>
      </object_component>
      <object_component id="oc-365">
         <name>.text:junta_hora</name>
         <load_address>0x5594</load_address>
         <run_address>0x5594</run_address>
         <size>0x14</size>
         <input_file_ref idref="fl-e"/>
      </object_component>
      <object_component id="oc-353">
         <name>.text:strcpy</name>
         <load_address>0x55a8</load_address>
         <run_address>0x55a8</run_address>
         <size>0x14</size>
         <input_file_ref idref="fl-e6"/>
      </object_component>
      <object_component id="oc-48f">
         <name>.text:strlen</name>
         <load_address>0x55bc</load_address>
         <run_address>0x55bc</run_address>
         <size>0x14</size>
         <input_file_ref idref="fl-e7"/>
      </object_component>
      <object_component id="oc-3da">
         <name>.text:vPortSetupTimerInterrupt</name>
         <load_address>0x55d0</load_address>
         <run_address>0x55d0</run_address>
         <size>0x14</size>
         <input_file_ref idref="fl-14"/>
      </object_component>
      <object_component id="oc-4a8">
         <name>.text:GPIOPinTypeI2C</name>
         <load_address>0x55e4</load_address>
         <run_address>0x55e4</run_address>
         <size>0x12</size>
         <input_file_ref idref="fl-fc"/>
      </object_component>
      <object_component id="oc-4ae">
         <name>.text:GPIOPinTypeI2CSCL</name>
         <load_address>0x55f6</load_address>
         <run_address>0x55f6</run_address>
         <size>0x12</size>
         <input_file_ref idref="fl-fc"/>
      </object_component>
      <object_component id="oc-377">
         <name>.text:GPIOPinTypePWM</name>
         <load_address>0x5608</load_address>
         <run_address>0x5608</run_address>
         <size>0x12</size>
         <input_file_ref idref="fl-fc"/>
      </object_component>
      <object_component id="oc-584">
         <name>.text:GPIOPinTypeUART</name>
         <load_address>0x561a</load_address>
         <run_address>0x561a</run_address>
         <size>0x12</size>
         <input_file_ref idref="fl-fc"/>
      </object_component>
      <object_component id="oc-1ec">
         <name>.text:LCD_Cursor</name>
         <load_address>0x562c</load_address>
         <run_address>0x562c</run_address>
         <size>0x12</size>
         <input_file_ref idref="fl-4"/>
      </object_component>
      <object_component id="oc-389">
         <name>.text:PWMGenPeriodGet</name>
         <load_address>0x563e</load_address>
         <run_address>0x563e</run_address>
         <size>0x12</size>
         <input_file_ref idref="fl-ff"/>
      </object_component>
      <object_component id="oc-568">
         <name>.text:PWMOutputState</name>
         <load_address>0x5650</load_address>
         <run_address>0x5650</run_address>
         <size>0x12</size>
         <input_file_ref idref="fl-ff"/>
      </object_component>
      <object_component id="oc-511">
         <name>.text:getMinutes</name>
         <load_address>0x5662</load_address>
         <run_address>0x5662</run_address>
         <size>0x12</size>
         <input_file_ref idref="fl-e"/>
      </object_component>
      <object_component id="oc-5c3">
         <name>.text:prvDeleteTCB</name>
         <load_address>0x5674</load_address>
         <run_address>0x5674</run_address>
         <size>0x12</size>
         <input_file_ref idref="fl-13"/>
      </object_component>
      <object_component id="oc-68b">
         <name>.text:wcslen</name>
         <load_address>0x5686</load_address>
         <run_address>0x5686</run_address>
         <size>0x12</size>
         <input_file_ref idref="fl-f9"/>
      </object_component>
      <object_component id="oc-39c">
         <name>.text:ACTIVE_PWM</name>
         <load_address>0x5698</load_address>
         <run_address>0x5698</run_address>
         <size>0x10</size>
         <input_file_ref idref="fl-6"/>
      </object_component>
      <object_component id="oc-3a2">
         <name>.text:DISABLE_PWM</name>
         <load_address>0x56a8</load_address>
         <run_address>0x56a8</run_address>
         <size>0x10</size>
         <input_file_ref idref="fl-6"/>
      </object_component>
      <object_component id="oc-572">
         <name>.text:FPUEnable</name>
         <load_address>0x56b8</load_address>
         <run_address>0x56b8</run_address>
         <size>0x10</size>
         <input_file_ref idref="fl-fb"/>
      </object_component>
      <object_component id="oc-578">
         <name>.text:FPULazyStackingEnable</name>
         <load_address>0x56c8</load_address>
         <run_address>0x56c8</run_address>
         <size>0x10</size>
         <input_file_ref idref="fl-fb"/>
      </object_component>
      <object_component id="oc-1e6">
         <name>.text:LCD_Clear</name>
         <load_address>0x56d8</load_address>
         <run_address>0x56d8</run_address>
         <size>0x10</size>
         <input_file_ref idref="fl-4"/>
      </object_component>
      <object_component id="oc-383">
         <name>.text:PWMGenPeriodSet</name>
         <load_address>0x56e8</load_address>
         <run_address>0x56e8</run_address>
         <size>0x10</size>
         <input_file_ref idref="fl-ff"/>
      </object_component>
      <object_component id="oc-77f">
         <name>.text:_HibernateWriteComplete</name>
         <load_address>0x56f8</load_address>
         <run_address>0x56f8</run_address>
         <size>0x10</size>
         <input_file_ref idref="fl-e"/>
      </object_component>
      <object_component id="oc-47e">
         <name>.text:prvTaskExitError</name>
         <load_address>0x5708</load_address>
         <run_address>0x5708</run_address>
         <size>0x10</size>
         <input_file_ref idref="fl-14"/>
      </object_component>
      <object_component id="oc-27c">
         <name>.text:vTaskSuspendAll</name>
         <load_address>0x5718</load_address>
         <run_address>0x5718</run_address>
         <size>0x10</size>
         <input_file_ref idref="fl-13"/>
      </object_component>
      <object_component id="oc-1b">
         <name>.text:decompress:none:__TI_decompress_none</name>
         <load_address>0x5728</load_address>
         <run_address>0x5728</run_address>
         <size>0xe</size>
         <input_file_ref idref="fl-e3"/>
      </object_component>
      <object_component id="oc-517">
         <name>.text:getSeconds</name>
         <load_address>0x5736</load_address>
         <run_address>0x5736</run_address>
         <size>0xe</size>
         <input_file_ref idref="fl-e"/>
      </object_component>
      <object_component id="oc-6ae">
         <name>.text:setTimeOfDay</name>
         <load_address>0x5744</load_address>
         <run_address>0x5744</run_address>
         <size>0xe</size>
         <input_file_ref idref="fl-e"/>
      </object_component>
      <object_component id="oc-505">
         <name>.text:HibernateRTCGet</name>
         <load_address>0x5754</load_address>
         <run_address>0x5754</run_address>
         <size>0xc</size>
         <input_file_ref idref="fl-e"/>
      </object_component>
      <object_component id="oc-395">
         <name>.text:PWMGenEnable</name>
         <load_address>0x5760</load_address>
         <run_address>0x5760</run_address>
         <size>0xc</size>
         <input_file_ref idref="fl-ff"/>
      </object_component>
      <object_component id="oc-6a">
         <name>.text:decompress:ZI:__TI_zero_init</name>
         <load_address>0x576c</load_address>
         <run_address>0x576c</run_address>
         <size>0xc</size>
         <input_file_ref idref="fl-e2"/>
      </object_component>
      <object_component id="oc-430">
         <name>.text:vTaskMissedYield</name>
         <load_address>0x5778</load_address>
         <run_address>0x5778</run_address>
         <size>0xc</size>
         <input_file_ref idref="fl-13"/>
      </object_component>
      <object_component id="oc-618">
         <name>.text:I2CMasterEnable</name>
         <load_address>0x5784</load_address>
         <run_address>0x5784</run_address>
         <size>0xa</size>
         <input_file_ref idref="fl-fd"/>
      </object_component>
      <object_component id="oc-7a3">
         <name>.text:UARTCharGet</name>
         <load_address>0x578e</load_address>
         <run_address>0x578e</run_address>
         <size>0xa</size>
         <input_file_ref idref="fl-101"/>
      </object_component>
      <object_component id="oc-6e1">
         <name>.text:UARTIntStatus</name>
         <load_address>0x5798</load_address>
         <run_address>0x5798</run_address>
         <size>0xa</size>
         <input_file_ref idref="fl-101"/>
      </object_component>
      <object_component id="oc-52a">
         <name>.text:_outc</name>
         <load_address>0x57a2</load_address>
         <run_address>0x57a2</run_address>
         <size>0xa</size>
         <input_file_ref idref="fl-d6"/>
      </object_component>
      <object_component id="oc-4d3">
         <name>.text:I2CMasterBusy</name>
         <load_address>0x57ac</load_address>
         <run_address>0x57ac</run_address>
         <size>0x8</size>
         <input_file_ref idref="fl-fd"/>
      </object_component>
      <object_component id="oc-4c1">
         <name>.text:I2CMasterSlaveAddrSet</name>
         <load_address>0x57b4</load_address>
         <run_address>0x57b4</run_address>
         <size>0x8</size>
         <input_file_ref idref="fl-fd"/>
      </object_component>
      <object_component id="oc-59c">
         <name>.text:UARTIntEnable</name>
         <load_address>0x57bc</load_address>
         <run_address>0x57bc</run_address>
         <size>0x8</size>
         <input_file_ref idref="fl-101"/>
      </object_component>
      <object_component id="oc-63e">
         <name>.text:__aeabi_errno_addr</name>
         <load_address>0x57c4</load_address>
         <run_address>0x57c4</run_address>
         <size>0x8</size>
         <input_file_ref idref="fl-ea"/>
      </object_component>
      <object_component id="oc-236">
         <name>.text:prvIdleTask</name>
         <load_address>0x57cc</load_address>
         <run_address>0x57cc</run_address>
         <size>0x8</size>
         <input_file_ref idref="fl-13"/>
      </object_component>
      <object_component id="oc-2c0">
         <name>.text:GPIOPinWrite</name>
         <load_address>0x57d4</load_address>
         <run_address>0x57d4</run_address>
         <size>0x6</size>
         <input_file_ref idref="fl-fc"/>
      </object_component>
      <object_component id="oc-27">
         <name>.text:ResetISR</name>
         <load_address>0x57da</load_address>
         <run_address>0x57da</run_address>
         <size>0x6</size>
         <input_file_ref idref="fl-d"/>
      </object_component>
      <object_component id="oc-2bf">
         <name>.text:SysCtlDelay</name>
         <load_address>0x57e0</load_address>
         <run_address>0x57e0</run_address>
         <size>0x6</size>
         <input_file_ref idref="fl-100"/>
      </object_component>
      <object_component id="oc-477">
         <name>.text:vListInitialiseItem</name>
         <load_address>0x57e6</load_address>
         <run_address>0x57e6</run_address>
         <size>0x6</size>
         <input_file_ref idref="fl-11"/>
      </object_component>
      <object_component id="oc-4cd">
         <name>.text:I2CMasterControl</name>
         <load_address>0x57ec</load_address>
         <run_address>0x57ec</run_address>
         <size>0x4</size>
         <input_file_ref idref="fl-fd"/>
      </object_component>
      <object_component id="oc-4db">
         <name>.text:I2CMasterDataGet</name>
         <load_address>0x57f0</load_address>
         <run_address>0x57f0</run_address>
         <size>0x4</size>
         <input_file_ref idref="fl-fd"/>
      </object_component>
      <object_component id="oc-4c7">
         <name>.text:I2CMasterDataPut</name>
         <load_address>0x57f4</load_address>
         <run_address>0x57f4</run_address>
         <size>0x4</size>
         <input_file_ref idref="fl-fd"/>
      </object_component>
      <object_component id="oc-6e7">
         <name>.text:UARTIntClear</name>
         <load_address>0x57f8</load_address>
         <run_address>0x57f8</run_address>
         <size>0x4</size>
         <input_file_ref idref="fl-101"/>
      </object_component>
      <object_component id="oc-c9">
         <name>.text:_system_pre_init</name>
         <load_address>0x57fc</load_address>
         <run_address>0x57fc</run_address>
         <size>0x4</size>
         <input_file_ref idref="fl-f1"/>
      </object_component>
      <object_component id="oc-14d">
         <name>.text:abort:abort</name>
         <load_address>0x5800</load_address>
         <run_address>0x5800</run_address>
         <size>0x4</size>
         <input_file_ref idref="fl-f3"/>
      </object_component>
      <object_component id="oc-55d">
         <name>.const:g_pui32GPIOBaseAddrs</name>
         <load_address>0x5808</load_address>
         <run_address>0x5808</run_address>
         <size>0x90</size>
         <input_file_ref idref="fl-fc"/>
      </object_component>
      <object_component id="oc-6ce">
         <name>.const</name>
         <load_address>0x5898</load_address>
         <run_address>0x5898</run_address>
         <size>0x70</size>
         <input_file_ref idref="fl-fe"/>
      </object_component>
      <object_component id="oc-614">
         <name>.const:g_pui32Xtals</name>
         <load_address>0x5908</load_address>
         <run_address>0x5908</run_address>
         <size>0x6c</size>
         <input_file_ref idref="fl-100"/>
      </object_component>
      <object_component id="oc-796">
         <name>.const:g_ppui32UARTIntMap</name>
         <load_address>0x5974</load_address>
         <run_address>0x5974</run_address>
         <size>0x40</size>
         <input_file_ref idref="fl-101"/>
      </object_component>
      <object_component id="oc-799">
         <name>.const:g_ppui32UARTIntMapSnowflake</name>
         <load_address>0x59b4</load_address>
         <run_address>0x59b4</run_address>
         <size>0x40</size>
         <input_file_ref idref="fl-101"/>
      </object_component>
      <object_component id="oc-91">
         <name>.const</name>
         <load_address>0x59f4</load_address>
         <run_address>0x59f4</run_address>
         <size>0x4</size>
         <input_file_ref idref="fl-14"/>
      </object_component>
      <object_component id="oc-644">
         <name>.const:$O1$$</name>
         <load_address>0x59f8</load_address>
         <run_address>0x59f8</run_address>
         <size>0x30</size>
         <input_file_ref idref="fl-d3"/>
      </object_component>
      <object_component id="oc-359">
         <name>.const:$P$T0$1</name>
         <load_address>0x5a28</load_address>
         <run_address>0x5a28</run_address>
         <size>0x20</size>
         <input_file_ref idref="fl-c"/>
      </object_component>
      <object_component id="oc-3cf">
         <name>.const:$P$T0$1</name>
         <load_address>0x5a48</load_address>
         <run_address>0x5a48</run_address>
         <size>0x18</size>
         <input_file_ref idref="fl-7"/>
      </object_component>
      <object_component id="oc-35c">
         <name>.const:$P$T1$2</name>
         <load_address>0x5a60</load_address>
         <run_address>0x5a60</run_address>
         <size>0x18</size>
         <input_file_ref idref="fl-c"/>
      </object_component>
      <object_component id="oc-35f">
         <name>.const:.string:$P$T2$3</name>
         <load_address>0x5a78</load_address>
         <run_address>0x5a78</run_address>
         <size>0x14</size>
         <input_file_ref idref="fl-c"/>
      </object_component>
      <object_component id="oc-3d2">
         <name>.const:.string:$P$T1$2</name>
         <load_address>0x5a8c</load_address>
         <run_address>0x5a8c</run_address>
         <size>0x12</size>
         <input_file_ref idref="fl-7"/>
      </object_component>
      <object_component id="oc-362">
         <name>.const:.string:$P$T3$4</name>
         <load_address>0x5a9e</load_address>
         <run_address>0x5a9e</run_address>
         <size>0x12</size>
         <input_file_ref idref="fl-c"/>
      </object_component>
      <object_component id="oc-81d">
         <name>.cinit..data.load</name>
         <load_address>0x5ab0</load_address>
         <run_address>0x5ab0</run_address>
         <size>0x13</size>
      </object_component>
      <object_component id="oc-81a">
         <name>__TI_handler_table</name>
         <load_address>0x5ac4</load_address>
         <run_address>0x5ac4</run_address>
         <size>0xc</size>
      </object_component>
      <object_component id="oc-81e">
         <name>.cinit..bss.load</name>
         <load_address>0x5ad0</load_address>
         <run_address>0x5ad0</run_address>
         <size>0x8</size>
      </object_component>
      <object_component id="oc-81c">
         <name>.cinit..vtable.load</name>
         <load_address>0x5ad8</load_address>
         <run_address>0x5ad8</run_address>
         <size>0x8</size>
      </object_component>
      <object_component id="oc-81b">
         <name>__TI_cinit_table</name>
         <load_address>0x5ae0</load_address>
         <run_address>0x5ae0</run_address>
         <size>0x18</size>
      </object_component>
      <object_component id="oc-79d">
         <name>.vtable</name>
         <uninitialized>true</uninitialized>
         <run_address>0x20000000</run_address>
         <size>0x26c</size>
         <input_file_ref idref="fl-fe"/>
      </object_component>
      <object_component id="oc-3d6">
         <name>.data</name>
         <load_address>0x20005a60</load_address>
         <run_address>0x20005a60</run_address>
         <size>0x4</size>
         <input_file_ref idref="fl-7"/>
      </object_component>
      <object_component id="oc-33b">
         <name>.data</name>
         <load_address>0x20005a6c</load_address>
         <run_address>0x20005a6c</run_address>
         <size>0x1</size>
         <input_file_ref idref="fl-c"/>
      </object_component>
      <object_component id="oc-8e">
         <name>.data</name>
         <load_address>0x20005a28</load_address>
         <run_address>0x20005a28</run_address>
         <size>0x30</size>
         <input_file_ref idref="fl-13"/>
      </object_component>
      <object_component id="oc-3e0">
         <name>.data</name>
         <load_address>0x20005a64</load_address>
         <run_address>0x20005a64</run_address>
         <size>0x4</size>
         <input_file_ref idref="fl-14"/>
      </object_component>
      <object_component id="oc-412">
         <name>.data</name>
         <load_address>0x20005a58</load_address>
         <run_address>0x20005a58</run_address>
         <size>0x8</size>
         <input_file_ref idref="fl-16"/>
      </object_component>
      <object_component id="oc-70f">
         <name>.data</name>
         <load_address>0x20005a68</load_address>
         <run_address>0x20005a68</run_address>
         <size>0x4</size>
         <input_file_ref idref="fl-ea"/>
      </object_component>
      <object_component id="oc-f2">
         <name>.bss:pxReadyTasksLists</name>
         <uninitialized>true</uninitialized>
         <run_address>0x2000562c</run_address>
         <size>0x140</size>
         <input_file_ref idref="fl-13"/>
      </object_component>
      <object_component id="oc-485">
         <name>.bss:xDelayedTaskList1</name>
         <uninitialized>true</uninitialized>
         <run_address>0x2000576c</run_address>
         <size>0x14</size>
         <input_file_ref idref="fl-13"/>
      </object_component>
      <object_component id="oc-488">
         <name>.bss:xDelayedTaskList2</name>
         <uninitialized>true</uninitialized>
         <run_address>0x20005780</run_address>
         <size>0x14</size>
         <input_file_ref idref="fl-13"/>
      </object_component>
      <object_component id="oc-108">
         <name>.bss</name>
         <uninitialized>true</uninitialized>
         <run_address>0x200057d0</run_address>
         <size>0x8</size>
         <input_file_ref idref="fl-13"/>
      </object_component>
      <object_component id="oc-437">
         <name>.bss:xPendingReadyList</name>
         <uninitialized>true</uninitialized>
         <run_address>0x20005794</run_address>
         <size>0x14</size>
         <input_file_ref idref="fl-13"/>
      </object_component>
      <object_component id="oc-48b">
         <name>.bss:xTasksWaitingTermination</name>
         <uninitialized>true</uninitialized>
         <run_address>0x200057bc</run_address>
         <size>0x14</size>
         <input_file_ref idref="fl-13"/>
      </object_component>
      <object_component id="oc-448">
         <name>.bss:xSuspendedTaskList</name>
         <uninitialized>true</uninitialized>
         <run_address>0x200057a8</run_address>
         <size>0x14</size>
         <input_file_ref idref="fl-13"/>
      </object_component>
      <object_component id="oc-5d9">
         <name>.bss:ucHeap</name>
         <uninitialized>true</uninitialized>
         <run_address>0x2000026c</run_address>
         <size>0x4e20</size>
         <input_file_ref idref="fl-16"/>
      </object_component>
      <object_component id="oc-415">
         <name>.bss:xStart</name>
         <uninitialized>true</uninitialized>
         <run_address>0x200057e0</run_address>
         <size>0x8</size>
         <input_file_ref idref="fl-16"/>
      </object_component>
      <object_component id="oc-418">
         <name>.bss:xEnd</name>
         <uninitialized>true</uninitialized>
         <run_address>0x200057d8</run_address>
         <size>0x8</size>
         <input_file_ref idref="fl-16"/>
      </object_component>
      <object_component id="oc-204">
         <name>.common:I2CSemaphore</name>
         <uninitialized>true</uninitialized>
         <run_address>0x200057f0</run_address>
         <size>0x4</size>
      </object_component>
      <object_component id="oc-205">
         <name>.common:BUZZERSemaphore</name>
         <uninitialized>true</uninitialized>
         <run_address>0x200057e8</run_address>
         <size>0x4</size>
      </object_component>
      <object_component id="oc-203">
         <name>.common:I2CQueue</name>
         <uninitialized>true</uninitialized>
         <run_address>0x200057ec</run_address>
         <size>0x4</size>
      </object_component>
      <object_component id="oc-1fb">
         <name>.common:LCDSemaphore</name>
         <uninitialized>true</uninitialized>
         <run_address>0x200057f8</run_address>
         <size>0x4</size>
      </object_component>
      <object_component id="oc-1f8">
         <name>.common:LCDQueue</name>
         <uninitialized>true</uninitialized>
         <run_address>0x200057f4</run_address>
         <size>0x4</size>
      </object_component>
      <object_component id="oc-3d5">
         <name>.common:buffer</name>
         <uninitialized>true</uninitialized>
         <run_address>0x2000508c</run_address>
         <size>0x5a0</size>
      </object_component>
      <object_component id="oc-226">
         <name>.common:UARTQueue</name>
         <uninitialized>true</uninitialized>
         <run_address>0x20005808</run_address>
         <size>0x4</size>
[...]
      </symbol>
      <symbol id="sm-6a8">
         <name>xTaskGenericCreate</name>
         <value>0x2d69</value>
         <object_component_ref idref="oc-1f2"/>
      </symbol>
      <symbol id="sm-6a9">
         <name>pxCurrentTCB</name>
         <value>0x20005a28</value>
         <object_component_ref idref="oc-8e"/>
      </symbol>
      <symbol id="sm-6aa">
         <name>vTaskSetTimeOutState</name>
         <value>0x54e9</value>
         <object_component_ref idref="oc-270"/>
      </symbol>
      <symbol id="sm-6ab">
         <name>xTaskIncrementTick</name>
         <value>0x2c65</value>
         <object_component_ref idref="oc-9b"/>
      </symbol>
      <symbol id="sm-6ac">
         <name>vTaskSwitchContext</name>
         <value>0x3a29</value>
         <object_component_ref idref="oc-94"/>
      </symbol>
      <symbol id="sm-6ad">
         <name>xTaskRemoveFromEventList</name>
         <value>0x4021</value>
         <object_component_ref idref="oc-2ac"/>
      </symbol>
      <symbol id="sm-707">
         <name>ulMaxSyscallInterruptPriority</name>
         <value>0x59f4</value>
         <object_component_ref idref="oc-91"/>
      </symbol>
      <symbol id="sm-708">
         <name>vPortSetupTimerInterrupt</name>
         <value>0x55d1</value>
         <object_component_ref idref="oc-3da"/>
      </symbol>
      <symbol id="sm-709">
         <name>xPortSysTickHandler</name>
         <value>0x519d</value>
         <object_component_ref idref="oc-44"/>
      </symbol>
      <symbol id="sm-70a">
         <name>pxPortInitialiseStack</name>
         <value>0x521d</value>
         <object_component_ref idref="oc-2f0"/>
      </symbol>
      <symbol id="sm-70b">
         <name>vPortExitCritical</name>
         <value>0x54d1</value>
         <object_component_ref idref="oc-276"/>
      </symbol>
      <symbol id="sm-70c">
         <name>xPortStartScheduler</name>
         <value>0x4d75</value>
         <object_component_ref idref="oc-230"/>
      </symbol>
      <symbol id="sm-70d">
         <name>vPortEnterCritical</name>
         <value>0x53f1</value>
         <object_component_ref idref="oc-282"/>
      </symbol>
      <symbol id="sm-71c">
         <name>vPortStartFirstTask</name>
         <value>0x33c9</value>
         <object_component_ref idref="oc-3f"/>
      </symbol>
      <symbol id="sm-71d">
         <name>ulPortGetIPSR</name>
         <value>0x3331</value>
         <object_component_ref idref="oc-3f"/>
      </symbol>
      <symbol id="sm-71e">
         <name>vPortEnableVFP</name>
         <value>0x33e5</value>
         <object_component_ref idref="oc-3f"/>
      </symbol>
      <symbol id="sm-71f">
         <name>xPortPendSVHandler</name>
         <value>0x3349</value>
         <object_component_ref idref="oc-3f"/>
      </symbol>
      <symbol id="sm-720">
         <name>vPortSVCHandler</name>
         <value>0x33a9</value>
         <object_component_ref idref="oc-3f"/>
      </symbol>
      <symbol id="sm-775">
         <name>pvPortMalloc</name>
         <value>0x355d</value>
         <object_component_ref idref="oc-261"/>
      </symbol>
      <symbol id="sm-776">
         <name>vPortFree</name>
         <value>0x4cb1</value>
         <object_component_ref idref="oc-470"/>
      </symbol>
      <symbol id="sm-80e">
         <name>pow</name>
         <value>0xcbd</value>
         <object_component_ref idref="oc-4f3"/>
      </symbol>
      <symbol id="sm-80f">
         <name>powl</name>
         <value>0xcbd</value>
         <object_component_ref idref="oc-4f3"/>
      </symbol>
      <symbol id="sm-831">
         <name>sqrtl</name>
         <value>0x21f9</value>
         <object_component_ref idref="oc-638"/>
      </symbol>
      <symbol id="sm-832">
         <name>sqrt</name>
         <value>0x21f9</value>
         <object_component_ref idref="oc-638"/>
      </symbol>
      <symbol id="sm-859">
         <name>scalbn</name>
         <value>0x2b55</value>
         <object_component_ref idref="oc-651"/>
      </symbol>
      <symbol id="sm-85a">
         <name>scalbnl</name>
         <value>0x2b55</value>
         <object_component_ref idref="oc-651"/>
      </symbol>
      <symbol id="sm-85b">
         <name>ldexpl</name>
         <value>0x2b55</value>
         <object_component_ref idref="oc-651"/>
      </symbol>
      <symbol id="sm-85c">
         <name>ldexp</name>
         <value>0x2b55</value>
         <object_component_ref idref="oc-651"/>
      </symbol>
      <symbol id="sm-883">
         <name>sprintf</name>
         <value>0x4d35</value>
         <object_component_ref idref="oc-330"/>
      </symbol>
      <symbol id="sm-89a">
         <name>__aeabi_dsub</name>
         <value>0x1ea5</value>
         <object_component_ref idref="oc-62e"/>
      </symbol>
      <symbol id="sm-89b">
         <name>__aeabi_dadd</name>
         <value>0x1eaf</value>
         <object_component_ref idref="oc-62e"/>
      </symbol>
      <symbol id="sm-8bd">
         <name>__aeabi_cdcmpeq</name>
         <value>0x3ab5</value>
         <object_component_ref idref="oc-647"/>
      </symbol>
      <symbol id="sm-8be">
         <name>__aeabi_cdcmple</name>
         <value>0x3ab5</value>
         <object_component_ref idref="oc-647"/>
      </symbol>
      <symbol id="sm-8bf">
         <name>__aeabi_cdrcmple</name>
         <value>0x3b3b</value>
         <object_component_ref idref="oc-64c"/>
      </symbol>
      <symbol id="sm-8d3">
         <name>__aeabi_ddiv</name>
         <value>0x248d</value>
         <object_component_ref idref="oc-633"/>
      </symbol>
      <symbol id="sm-8de">
         <name>__aeabi_dmul</name>
         <value>0x2f65</value>
         <object_component_ref idref="oc-4f9"/>
      </symbol>
      <symbol id="sm-8ea">
         <name>__aeabi_d2f</name>
         <value>0x4257</value>
         <object_component_ref idref="oc-4fe"/>
      </symbol>
      <symbol id="sm-8f5">
         <name>__aeabi_f2d</name>
         <value>0x4f19</value>
         <object_component_ref idref="oc-4e9"/>
      </symbol>
      <symbol id="sm-900">
         <name>__aeabi_i2d</name>
         <value>0x50e9</value>
         <object_component_ref idref="oc-4ee"/>
      </symbol>
      <symbol id="sm-91b">
         <name>memcpy</name>
         <value>0x36ad</value>
         <object_component_ref idref="oc-58"/>
      </symbol>
      <symbol id="sm-91c">
         <name>__aeabi_memcpy</name>
         <value>0x36ad</value>
         <object_component_ref idref="oc-58"/>
      </symbol>
      <symbol id="sm-91d">
         <name>__aeabi_memcpy8</name>
         <value>0x36ad</value>
         <object_component_ref idref="oc-58"/>
      </symbol>
      <symbol id="sm-91e">
         <name>__aeabi_memcpy4</name>
         <value>0x36ad</value>
         <object_component_ref idref="oc-58"/>
      </symbol>
      <symbol id="sm-92d">
         <name>__aeabi_memset</name>
         <value>0x3dcb</value>
         <object_component_ref idref="oc-c3"/>
      </symbol>
      <symbol id="sm-92e">
         <name>memset</name>
         <value>0x3dd1</value>
         <object_component_ref idref="oc-c3"/>
      </symbol>
      <symbol id="sm-92f">
         <name>__aeabi_memset8</name>
         <value>0x3dcb</value>
         <object_component_ref idref="oc-c3"/>
      </symbol>
      <symbol id="sm-930">
         <name>__aeabi_memset4</name>
         <value>0x3dcb</value>
         <object_component_ref idref="oc-c3"/>
      </symbol>
      <symbol id="sm-931">
         <name>__aeabi_memclr8</name>
         <value>0x3dc9</value>
         <object_component_ref idref="oc-c3"/>
      </symbol>
      <symbol id="sm-932">
         <name>__aeabi_memclr4</name>
         <value>0x3dc9</value>
         <object_component_ref idref="oc-c3"/>
      </symbol>
      <symbol id="sm-933">
         <name>__aeabi_memclr</name>
         <value>0x3dc9</value>
         <object_component_ref idref="oc-c3"/>
      </symbol>
      <symbol id="sm-94b">
         <name>__TI_zero_init</name>
         <value>0x576d</value>
         <object_component_ref idref="oc-6a"/>
      </symbol>
      <symbol id="sm-962">
         <name>__TI_decompress_none</name>
         <value>0x5729</value>
         <object_component_ref idref="oc-1b"/>
      </symbol>
      <symbol id="sm-985">
         <name>__TI_decompress_lzss</name>
         <value>0x432d</value>
         <object_component_ref idref="oc-15"/>
      </symbol>
      <symbol id="sm-994">
         <name>strcmp</name>
         <value>0x54a1</value>
         <object_component_ref idref="oc-5a9"/>
      </symbol>
      <symbol id="sm-9a2">
         <name>strcpy</name>
         <value>0x55a9</value>
         <object_component_ref idref="oc-353"/>
      </symbol>
      <symbol id="sm-9b0">
         <name>strlen</name>
         <value>0x55bd</value>
         <object_component_ref idref="oc-48f"/>
      </symbol>
      <symbol id="sm-9c1">
         <name>strncat</name>
         <value>0x5117</value>
         <object_component_ref idref="oc-3c9"/>
      </symbol>
      <symbol id="sm-9d4">
         <name>__stack</name>
         <value>0x20005828</value>
         <object_component_ref idref="oc-24"/>
      </symbol>
      <symbol id="sm-9d5">
         <name>_c_int00_noargs</name>
         <value>0x4ff1</value>
         <object_component_ref idref="oc-76"/>
      </symbol>
      <symbol id="sm-9eb">
         <name>__aeabi_errno_addr</name>
         <value>0x57c5</value>
         <object_component_ref idref="oc-63e"/>
      </symbol>
      <symbol id="sm-9ec">
         <name>errno</name>
         <value>0x20005a68</value>
         <object_component_ref idref="oc-70f"/>
      </symbol>
      <symbol id="sm-9f6">
         <name>copysign</name>
         <value>0x540d</value>
         <object_component_ref idref="oc-718"/>
      </symbol>
      <symbol id="sm-9f7">
         <name>copysignl</name>
         <value>0x540d</value>
         <object_component_ref idref="oc-718"/>
      </symbol>
      <symbol id="sm-b5c">
         <name>__TI_printfi</name>
         <value>0x26d</value>
         <object_component_ref idref="oc-51e"/>
      </symbol>
      <symbol id="sm-b66">
         <name>__aeabi_idiv0</name>
         <value>0x355b</value>
         <object_component_ref idref="oc-7c1"/>
      </symbol>
      <symbol id="sm-b67">
         <name>__aeabi_ldiv0</name>
         <value>0x355b</value>
         <object_component_ref idref="oc-7c1"/>
      </symbol>
      <symbol id="sm-b71">
         <name>__aeabi_d2iz</name>
         <value>0x4bdd</value>
         <object_component_ref idref="oc-732"/>
      </symbol>
      <symbol id="sm-b7e">
         <name>__aeabi_uldivmod</name>
         <value>0x3749</value>
         <object_component_ref idref="oc-72c"/>
      </symbol>
      <symbol id="sm-ba6">
         <name>__TI_auto_init_nobinit_nopinit</name>
         <value>0x4c6d</value>
         <object_component_ref idref="oc-159"/>
      </symbol>
      <symbol id="sm-bb0">
         <name>_system_pre_init</name>
         <value>0x57fd</value>
         <object_component_ref idref="oc-c9"/>
      </symbol>
      <symbol id="sm-bbc">
         <name>C$$EXIT</name>
         <value>0x5801</value>
         <object_component_ref idref="oc-14d"/>
      </symbol>
      <symbol id="sm-bbd">
         <name>abort</name>
         <value>0x5801</value>
         <object_component_ref idref="oc-14d"/>
      </symbol>
      <symbol id="sm-bcd">
         <name>__TI_ltoa</name>
         <value>0x47f9</value>
         <object_component_ref idref="oc-737"/>
      </symbol>
      <symbol id="sm-bde">
         <name>memccpy</name>
         <value>0x539b</value>
         <object_component_ref idref="oc-685"/>
      </symbol>
      <symbol id="sm-bee">
         <name>strchr</name>
         <value>0x552d</value>
         <object_component_ref idref="oc-75e"/>
      </symbol>
      <symbol id="sm-c07">
         <name>wcslen</name>
         <value>0x5687</value>
         <object_component_ref idref="oc-68b"/>
      </symbol>
      <symbol id="sm-c1d">
         <name>frexpl</name>
         <value>0x4395</value>
         <object_component_ref idref="oc-758"/>
      </symbol>
      <symbol id="sm-c1e">
         <name>frexp</name>
         <value>0x4395</value>
         <object_component_ref idref="oc-758"/>
      </symbol>
      <symbol id="sm-c39">
         <name>FPULazyStackingEnable</name>
         <value>0x56c9</value>
         <object_component_ref idref="oc-578"/>
      </symbol>
      <symbol id="sm-c3a">
         <name>FPUEnable</name>
         <value>0x56b9</value>
         <object_component_ref idref="oc-572"/>
      </symbol>
      <symbol id="sm-c94">
         <name>GPIOPinTypePWM</name>
         <value>0x5609</value>
         <object_component_ref idref="oc-377"/>
      </symbol>
      <symbol id="sm-c95">
         <name>GPIOPinConfigure</name>
         <value>0x4a75</value>
         <object_component_ref idref="oc-371"/>
      </symbol>
      <symbol id="sm-c96">
         <name>GPIOPinTypeI2CSCL</name>
         <value>0x55f7</value>
         <object_component_ref idref="oc-4ae"/>
      </symbol>
      <symbol id="sm-c97">
         <name>GPIOPinTypeI2C</name>
         <value>0x55e5</value>
         <object_component_ref idref="oc-4a8"/>
      </symbol>
      <symbol id="sm-c98">
         <name>GPIOPinTypeUART</name>
         <value>0x561b</value>
         <object_component_ref idref="oc-584"/>
      </symbol>
      <symbol id="sm-c99">
         <name>GPIOPinTypeGPIOOutput</name>
         <value>0x5441</value>
         <object_component_ref idref="oc-2b9"/>
      </symbol>
      <symbol id="sm-c9a">
         <name>GPIODirModeSet</name>
         <value>0x51c9</value>
         <object_component_ref idref="oc-461"/>
      </symbol>
      <symbol id="sm-c9b">
         <name>GPIOPinWrite</name>
         <value>0x57d5</value>
         <object_component_ref idref="oc-2c0"/>
      </symbol>
      <symbol id="sm-c9c">
         <name>GPIOPadConfigSet</name>
         <value>0x25c3</value>
         <object_component_ref idref="oc-45b"/>
      </symbol>
      <symbol id="sm-cdd">
         <name>I2CMasterDataPut</name>
         <value>0x57f5</value>
         <object_component_ref idref="oc-4c7"/>
      </symbol>
      <symbol id="sm-cde">
         <name>I2CMasterInitExpClk</name>
         <value>0x4995</value>
         <object_component_ref idref="oc-4ba"/>
      </symbol>
      <symbol id="sm-cdf">
         <name>I2CMasterSlaveAddrSet</name>
         <value>0x57b5</value>
         <object_component_ref idref="oc-4c1"/>
      </symbol>
      <symbol id="sm-ce0">
         <name>I2CMasterDataGet</name>
         <value>0x57f1</value>
         <object_component_ref idref="oc-4db"/>
      </symbol>
      <symbol id="sm-ce1">
         <name>I2CMasterControl</name>
         <value>0x57ed</value>
         <object_component_ref idref="oc-4cd"/>
      </symbol>
      <symbol id="sm-ce2">
         <name>I2CMasterBusy</name>
         <value>0x57ad</value>
         <object_component_ref idref="oc-4d3"/>
      </symbol>
      <symbol id="sm-ce3">
         <name>I2CMasterEnable</name>
         <value>0x5785</value>
         <object_component_ref idref="oc-618"/>
      </symbol>
      <symbol id="sm-d1c">
         <name>IntEnable</name>
         <value>0x42c5</value>
         <object_component_ref idref="oc-590"/>
      </symbol>
      <symbol id="sm-d1d">
         <name>IntRegister</name>
         <value>0x4f89</value>
         <object_component_ref idref="oc-6d9"/>
      </symbol>
      <symbol id="sm-d1e">
         <name>g_pfnRAMVectors</name>
         <value>0x20000000</value>
         <object_component_ref idref="oc-79d"/>
      </symbol>
      <symbol id="sm-d53">
         <name>PWMGenPeriodSet</name>
         <value>0x56e9</value>
         <object_component_ref idref="oc-383"/>
      </symbol>
      <symbol id="sm-d54">
         <name>PWMPulseWidthSet</name>
         <value>0x5361</value>
         <object_component_ref idref="oc-38f"/>
      </symbol>
      <symbol id="sm-d55">
         <name>PWMGenPeriodGet</name>
         <value>0x563f</value>
         <object_component_ref idref="oc-389"/>
      </symbol>
      <symbol id="sm-d56">
         <name>PWMOutputState</name>
         <value>0x5651</value>
         <object_component_ref idref="oc-568"/>
      </symbol>
      <symbol id="sm-d57">
         <name>PWMGenEnable</name>
         <value>0x5761</value>
         <object_component_ref idref="oc-395"/>
      </symbol>
      <symbol id="sm-d58">
         <name>PWMGenConfigure</name>
         <value>0x52dd</value>
         <object_component_ref idref="oc-37d"/>
      </symbol>
      <symbol id="sm-dc1">
         <name>SysCtlClockSet</name>
         <value>0x3061</value>
         <object_component_ref idref="oc-57e"/>
      </symbol>
      <symbol id="sm-dc2">
         <name>SysCtlDelay</name>
         <value>0x57e1</value>
         <object_component_ref idref="oc-2bf"/>
      </symbol>
      <symbol id="sm-dc3">
         <name>SysCtlPeripheralEnable</name>
         <value>0x4fbd</value>
         <object_component_ref idref="oc-2b3"/>
      </symbol>
      <symbol id="sm-dc4">
         <name>SysCtlClockGet</name>
         <value>0x2a45</value>
         <object_component_ref idref="oc-4b4"/>
      </symbol>
      <symbol id="sm-dc5">
         <name>SysCtlPeripheralReady</name>
         <value>0x4ea9</value>
         <object_component_ref idref="oc-4a2"/>
      </symbol>
      <symbol id="sm-dc6">
         <name>SysCtlPeripheralReset</name>
         <value>0x4945</value>
         <object_component_ref idref="oc-49c"/>
      </symbol>
      <symbol id="sm-e2f">
         <name>UARTConfigSetExpClk</name>
         <value>0x4c25</value>
         <object_component_ref idref="oc-58a"/>
      </symbol>
      <symbol id="sm-e30">
         <name>UARTDisable</name>
         <value>0x5301</value>
         <object_component_ref idref="oc-6c0"/>
      </symbol>
      <symbol id="sm-e31">
         <name>UARTIntEnable</name>
         <value>0x57bd</value>
         <object_component_ref idref="oc-59c"/>
      </symbol>
      <symbol id="sm-e32">
         <name>UARTEnable</name>
         <value>0x5581</value>
         <object_component_ref idref="oc-6c6"/>
      </symbol>
      <symbol id="sm-e33">
         <name>UARTIntClear</name>
         <value>0x57f9</value>
         <object_component_ref idref="oc-6e7"/>
      </symbol>
      <symbol id="sm-e34">
         <name>UARTIntStatus</name>
         <value>0x5799</value>
         <object_component_ref idref="oc-6e1"/>
      </symbol>
      <symbol id="sm-e35">
         <name>UARTCharGet</name>
         <value>0x578f</value>
         <object_component_ref idref="oc-7a3"/>
      </symbol>
      <symbol id="sm-e36">
         <name>UARTIntRegister</name>
         <value>0x5459</value>
         <object_component_ref idref="oc-596"/>
      </symbol>
      <symbol id="sm-e38">
         <name>__TI_static_base__</name>
         <value>0x0</value>
      </symbol>
      <symbol id="sm-e3b">
         <name>KEYBOARDTaskInit</name>
         <value>0x0</value>
      </symbol>
      <symbol id="sm-e3c">
         <name>__mpu_init</name>
         <value>0x0</value>
      </symbol>
      <symbol id="sm-e3d">
         <name>_system_post_cinit</name>
         <value>0x0</value>
      </symbol>
   </symbol_table>
   <title>Link errors: red sections failed placement</title>
</link_info>
