<?xml version="1.0"?>
<link_info>
   <banner>TI ARM Linker PC v5.2.9</banner>
   <copyright>Copyright (c) 1996-2017 Texas Instruments Incorporated</copyright>
   <link_time>0x659b6a85</link_time>
   <link_errors>0x0</link_errors>
   <output_file>freertos_demos.out</output_file>
   <entry_point>
      <name>_c_int00</name>
      <address>0x4cb1</address>
   </entry_point>
   <input_file_list>
      <input_file id="fl-2">
         <path>.\</path>
         <kind>object</kind>
         <file>I2C_task.obj</file>
         <name>I2C_task.obj</name>
      </input_file>
      <input_file id="fl-3">
         <path>.\</path>
         <kind>object</kind>
         <file>KEYBOARD_task.obj</file>
         <name>KEYBOARD_task.obj</name>
      </input_file>
      <input_file id="fl-4">
         <path>.\</path>
         <kind>object</kind>
         <file>LCD.obj</file>
         <name>LCD.obj</name>
      </input_file>
      <input_file id="fl-5">
         <path>.\</path>
         <kind>object</kind>
         <file>LCD_task.obj</file>
         <name>LCD_task.obj</name>
      </input_file>
      <input_file id="fl-6">
         <path>.\</path>
         <kind>object</kind>
         <file>PWM.obj</file>
         <name>PWM.obj</name>
      </input_file>
      <input_file id="fl-7">
         <path>.\</path>
         <kind>object</kind>
         <file>UART_task.obj</file>
         <name>UART_task.obj</name>
      </input_file>
      <input_file id="fl-8">
         <path>.\</path>
         <kind>object</kind>
         <file>buzzer_task.obj</file>
         <name>buzzer_task.obj</name>
      </input_file>
      <input_file id="fl-9">
         <path>.\</path>
         <kind>object</kind>
         <file>i2c.obj</file>
         <name>i2c.obj</name>
      </input_file>
      <input_file id="fl-a">
         <path>.\</path>
         <kind>object</kind>
         <file>keypad.obj</file>
         <name>keypad.obj</name>
      </input_file>
      <input_file id="fl-b">
         <path>.\</path>
         <kind>object</kind>
         <file>main.obj</file>
         <name>main.obj</name>
      </input_file>
      <input_file id="fl-c">
         <path>.\</path>
         <kind>object</kind>
         <file>menu_task.obj</file>
         <name>menu_task.obj</name>
      </input_file>
      <input_file id="fl-d">
         <path>.\</path>
         <kind>object</kind>
         <file>startup_ccs.obj</file>
         <name>startup_ccs.obj</name>
      </input_file>
      <input_file id="fl-e">
         <path>.\</path>
         <kind>object</kind>
         <file>tempo.obj</file>
         <name>tempo.obj</name>
      </input_file>
      <input_file id="fl-f">
         <path>.\drivers\</path>
         <kind>object</kind>
         <file>buttons.obj</file>
         <name>buttons.obj</name>
      </input_file>
      <input_file id="fl-10">
         <path>.\drivers\</path>
         <kind>object</kind>
         <file>rgb.obj</file>
         <name>rgb.obj</name>
      </input_file>
      <input_file id="fl-11">
         <path>.\third_party\FreeRTOS\Source\</path>
         <kind>object</kind>
         <file>list.obj</file>
         <name>list.obj</name>
      </input_file>
      <input_file id="fl-12">
         <path>.\third_party\FreeRTOS\Source\</path>
         <kind>object</kind>
         <file>queue.obj</file>
         <name>queue.obj</name>
      </input_file>
      <input_file id="fl-13">
         <path>.\third_party\FreeRTOS\Source\</path>
         <kind>object</kind>
         <file>tasks.obj</file>
         <name>tasks.obj</name>
      </input_file>
      <input_file id="fl-14">
         <path>.\third_party\FreeRTOS\Source\portable\CCS\ARM_CM4F\</path>
         <kind>object</kind>
         <file>port.obj</file>
         <name>port.obj</name>
      </input_file>
      <input_file id="fl-15">
         <path>.\third_party\FreeRTOS\Source\portable\CCS\ARM_CM4F\</path>
         <kind>object</kind>
         <file>portasm.obj</file>
         <name>portasm.obj</name>
      </input_file>
      <input_file id="fl-16">
         <path>.\third_party\FreeRTOS\Source\portable\MemMang\</path>
         <kind>object</kind>
         <file>heap_2.obj</file>
         <name>heap_2.obj</name>
      </input_file>
      <input_file id="fl-17">
         <path>.\utils\</path>
         <kind>object</kind>
         <file>uartstdio.obj</file>
         <name>uartstdio.obj</name>
      </input_file>
      <input_file id="fl-18">
         <path>.\utils\</path>
         <kind>object</kind>
         <file>ustdlib.obj</file>
         <name>ustdlib.obj</name>
      </input_file>
      <input_file id="fl-13f">
         <path>C:\ti\ccs1250\ccs\tools\compiler\ti-cgt-arm_5.2.9\lib\</path>
         <kind>archive</kind>
         <file>rtsv7M4_T_le_v4SPD16_eabi.lib</file>
         <name>boot.obj</name>
      </input_file>
      <input_file id="fl-140">
         <path>C:\ti\ccs1250\ccs\tools\compiler\ti-cgt-arm_5.2.9\lib\</path>
         <kind>archive</kind>
         <file>rtsv7M4_T_le_v4SPD16_eabi.lib</file>
         <name>copy_decompress_none.obj</name>
      </input_file>
      <input_file id="fl-141">
         <path>C:\ti\ccs1250\ccs\tools\compiler\ti-cgt-arm_5.2.9\lib\</path>
         <kind>archive</kind>
         <file>rtsv7M4_T_le_v4SPD16_eabi.lib</file>
         <name>copy_decompress_rle.obj</name>
      </input_file>
      <input_file id="fl-142">
         <path>C:\ti\ccs1250\ccs\tools\compiler\ti-cgt-arm_5.2.9\lib\</path>
         <kind>archive</kind>
         <file>rtsv7M4_T_le_v4SPD16_eabi.lib</file>
         <name>copy_zero_init.obj</name>
      </input_file>
      <input_file id="fl-143">
         <path>C:\ti\ccs1250\ccs\tools\compiler\ti-cgt-arm_5.2.9\lib\</path>
         <kind>archive</kind>
         <file>rtsv7M4_T_le_v4SPD16_eabi.lib</file>
         <name>exit.obj</name>
      </input_file>
      <input_file id="fl-144">
         <path>C:\ti\ccs1250\ccs\tools\compiler\ti-cgt-arm_5.2.9\lib\</path>
         <kind>archive</kind>
         <file>rtsv7M4_T_le_v4SPD16_eabi.lib</file>
         <name>fd_mul_t2.obj</name>
      </input_file>
      <input_file id="fl-145">
         <path>C:\ti\ccs1250\ccs\tools\compiler\ti-cgt-arm_5.2.9\lib\</path>
         <kind>archive</kind>
         <file>rtsv7M4_T_le_v4SPD16_eabi.lib</file>
         <name>fd_tos_t2.obj</name>
      </input_file>
      <input_file id="fl-146">
         <path>C:\ti\ccs1250\ccs\tools\compiler\ti-cgt-arm_5.2.9\lib\</path>
         <kind>archive</kind>
         <file>rtsv7M4_T_le_v4SPD16_eabi.lib</file>
         <name>fs_tod_t2.obj</name>
      </input_file>
      <input_file id="fl-147">
         <path>C:\ti\ccs1250\ccs\tools\compiler\ti-cgt-arm_5.2.9\lib\</path>
         <kind>archive</kind>
         <file>rtsv7M4_T_le_v4SPD16_eabi.lib</file>
         <name>fs_toull_t2.obj</name>
      </input_file>
      <input_file id="fl-148">
         <path>C:\ti\ccs1250\ccs\tools\compiler\ti-cgt-arm_5.2.9\lib\</path>
         <kind>archive</kind>
         <file>rtsv7M4_T_le_v4SPD16_eabi.lib</file>
         <name>i_tofd_t2.obj</name>
      </input_file>
      <input_file id="fl-149">
         <path>C:\ti\ccs1250\ccs\tools\compiler\ti-cgt-arm_5.2.9\lib\</path>
         <kind>archive</kind>
         <file>rtsv7M4_T_le_v4SPD16_eabi.lib</file>
         <name>memcpy_t2.obj</name>
      </input_file>
      <input_file id="fl-14a">
         <path>C:\ti\ccs1250\ccs\tools\compiler\ti-cgt-arm_5.2.9\lib\</path>
         <kind>archive</kind>
         <file>rtsv7M4_T_le_v4SPD16_eabi.lib</file>
         <name>memset_t2.obj</name>
      </input_file>
      <input_file id="fl-14b">
         <path>C:\ti\ccs1250\ccs\tools\compiler\ti-cgt-arm_5.2.9\lib\</path>
         <kind>archive</kind>
         <file>rtsv7M4_T_le_v4SPD16_eabi.lib</file>
         <name>pow.obj</name>
      </input_file>
      <input_file id="fl-14c">
         <path>C:\ti\ccs1250\ccs\tools\compiler\ti-cgt-arm_5.2.9\lib\</path>
         <kind>archive</kind>
         <file>rtsv7M4_T_le_v4SPD16_eabi.lib</file>
         <name>pre_init.obj</name>
      </input_file>
      <input_file id="fl-14d">
         <path>C:\ti\ccs1250\ccs\tools\compiler\ti-cgt-arm_5.2.9\lib\</path>
         <kind>archive</kind>
         <file>rtsv7M4_T_le_v4SPD16_eabi.lib</file>
         <name>sprintf.obj</name>
      </input_file>
      <input_file id="fl-14e">
         <path>C:\ti\ccs1250\ccs\tools\compiler\ti-cgt-arm_5.2.9\lib\</path>
         <kind>archive</kind>
         <file>rtsv7M4_T_le_v4SPD16_eabi.lib</file>
         <name>stkdepth_vars.obj</name>
      </input_file>
      <input_file id="fl-14f">
         <path>C:\ti\ccs1250\ccs\tools\compiler\ti-cgt-arm_5.2.9\lib\</path>
         <kind>archive</kind>
         <file>rtsv7M4_T_le_v4SPD16_eabi.lib</file>
         <name>strcmp.obj</name>
      </input_file>
      <input_file id="fl-150">
         <path>C:\ti\ccs1250\ccs\tools\compiler\ti-cgt-arm_5.2.9\lib\</path>
         <kind>archive</kind>
         <file>rtsv7M4_T_le_v4SPD16_eabi.lib</file>
         <name>strcpy.obj</name>
      </input_file>
      <input_file id="fl-151">
         <path>C:\ti\ccs1250\ccs\tools\compiler\ti-cgt-arm_5.2.9\lib\</path>
         <kind>archive</kind>
         <file>rtsv7M4_T_le_v4SPD16_eabi.lib</file>
         <name>strlen.obj</name>
      </input_file>
      <input_file id="fl-152">
         <path>C:\ti\ccs1250\ccs\tools\compiler\ti-cgt-arm_5.2.9\lib\</path>
         <kind>archive</kind>
         <file>rtsv7M4_T_le_v4SPD16_eabi.lib</file>
         <name>strncat.obj</name>
      </input_file>
      <input_file id="fl-153">
         <path>C:\ti\ccs1250\ccs\tools\compiler\ti-cgt-arm_5.2.9\lib\</path>
         <kind>archive</kind>
         <file>rtsv7M4_T_le_v4SPD16_eabi.lib</file>
         <name>u_divt2.obj</name>
      </input_file>
      <input_file id="fl-154">
         <path>C:\ti\ccs1250\ccs\tools\compiler\ti-cgt-arm_5.2.9\lib\</path>
         <kind>archive</kind>
         <file>rtsv7M4_T_le_v4SPD16_eabi.lib</file>
         <name>xdint.obj</name>
      </input_file>
      <input_file id="fl-155">
         <path>C:\ti\ccs1250\ccs\tools\compiler\ti-cgt-arm_5.2.9\lib\</path>
         <kind>archive</kind>
         <file>rtsv7M4_T_le_v4SPD16_eabi.lib</file>
         <name>xdunscal.obj</name>
      </input_file>
      <input_file id="fl-156">
         <path>C:\ti\ccs1250\ccs\tools\compiler\ti-cgt-arm_5.2.9\lib\</path>
         <kind>archive</kind>
         <file>rtsv7M4_T_le_v4SPD16_eabi.lib</file>
         <name>xexp.obj</name>
      </input_file>
      <input_file id="fl-157">
         <path>C:\ti\ccs1250\ccs\tools\compiler\ti-cgt-arm_5.2.9\lib\</path>
         <kind>archive</kind>
         <file>rtsv7M4_T_le_v4SPD16_eabi.lib</file>
         <name>xferaise.obj</name>
      </input_file>
      <input_file id="fl-158">
         <path>C:\ti\ccs1250\ccs\tools\compiler\ti-cgt-arm_5.2.9\lib\</path>
         <kind>archive</kind>
         <file>rtsv7M4_T_le_v4SPD16_eabi.lib</file>
         <name>xvalues.obj</name>
      </input_file>
      <input_file id="fl-159">
         <path>C:\ti\ccs1250\ccs\tools\compiler\ti-cgt-arm_5.2.9\lib\</path>
         <kind>archive</kind>
         <file>rtsv7M4_T_le_v4SPD16_eabi.lib</file>
         <name>_lock.obj</name>
      </input_file>
      <input_file id="fl-15a">
         <path>C:\ti\ccs1250\ccs\tools\compiler\ti-cgt-arm_5.2.9\lib\</path>
         <kind>archive</kind>
         <file>rtsv7M4_T_le_v4SPD16_eabi.lib</file>
         <name>_printfi.obj</name>
      </input_file>
      <input_file id="fl-15b">
         <path>C:\ti\ccs1250\ccs\tools\compiler\ti-cgt-arm_5.2.9\lib\</path>
         <kind>archive</kind>
         <file>rtsv7M4_T_le_v4SPD16_eabi.lib</file>
         <name>args_main.obj</name>
      </input_file>
      <input_file id="fl-15c">
         <path>C:\ti\ccs1250\ccs\tools\compiler\ti-cgt-arm_5.2.9\lib\</path>
         <kind>archive</kind>
         <file>rtsv7M4_T_le_v4SPD16_eabi.lib</file>
         <name>autoinit.obj</name>
      </input_file>
      <input_file id="fl-15d">
         <path>C:\ti\ccs1250\ccs\tools\compiler\ti-cgt-arm_5.2.9\lib\</path>
         <kind>archive</kind>
         <file>rtsv7M4_T_le_v4SPD16_eabi.lib</file>
         <name>cpy_tbl.obj</name>
      </input_file>
      <input_file id="fl-15e">
         <path>C:\ti\ccs1250\ccs\tools\compiler\ti-cgt-arm_5.2.9\lib\</path>
         <kind>archive</kind>
         <file>rtsv7M4_T_le_v4SPD16_eabi.lib</file>
         <name>errno.obj</name>
      </input_file>
      <input_file id="fl-15f">
         <path>C:\ti\ccs1250\ccs\tools\compiler\ti-cgt-arm_5.2.9\lib\</path>
         <kind>archive</kind>
         <file>rtsv7M4_T_le_v4SPD16_eabi.lib</file>
         <name>fd_add_t2.obj</name>
      </input_file>
      <input_file id="fl-160">
         <path>C:\ti\ccs1250\ccs\tools\compiler\ti-cgt-arm_5.2.9\lib\</path>
         <kind>archive</kind>
         <file>rtsv7M4_T_le_v4SPD16_eabi.lib</file>
         <name>fd_cmp_t2.obj</name>
      </input_file>
      <input_file id="fl-161">
         <path>C:\ti\ccs1250\ccs\tools\compiler\ti-cgt-arm_5.2.9\lib\</path>
         <kind>archive</kind>
         <file>rtsv7M4_T_le_v4SPD16_eabi.lib</file>
         <name>fd_div_t2.obj</name>
      </input_file>
      <input_file id="fl-162">
         <path>C:\ti\ccs1250\ccs\tools\compiler\ti-cgt-arm_5.2.9\lib\</path>
         <kind>archive</kind>
         <file>rtsv7M4_T_le_v4SPD16_eabi.lib</file>
         <name>fd_toi_t2.obj</name>
      </input_file>
      <input_file id="fl-163">
         <path>C:\ti\ccs1250\ccs\tools\compiler\ti-cgt-arm_5.2.9\lib\</path>
         <kind>archive</kind>
         <file>rtsv7M4_T_le_v4SPD16_eabi.lib</file>
         <name>feraiseexcept.obj</name>
      </input_file>
      <input_file id="fl-164">
         <path>C:\ti\ccs1250\ccs\tools\compiler\ti-cgt-arm_5.2.9\lib\</path>
         <kind>archive</kind>
         <file>rtsv7M4_T_le_v4SPD16_eabi.lib</file>
         <name>frexp.obj</name>
      </input_file>
      <input_file id="fl-165">
         <path>C:\ti\ccs1250\ccs\tools\compiler\ti-cgt-arm_5.2.9\lib\</path>
         <kind>archive</kind>
         <file>rtsv7M4_T_le_v4SPD16_eabi.lib</file>
         <name>i_div0.obj</name>
      </input_file>
      <input_file id="fl-166">
         <path>C:\ti\ccs1250\ccs\tools\compiler\ti-cgt-arm_5.2.9\lib\</path>
         <kind>archive</kind>
         <file>rtsv7M4_T_le_v4SPD16_eabi.lib</file>
         <name>ldexp.obj</name>
      </input_file>
      <input_file id="fl-167">
         <path>C:\ti\ccs1250\ccs\tools\compiler\ti-cgt-arm_5.2.9\lib\</path>
         <kind>archive</kind>
         <file>rtsv7M4_T_le_v4SPD16_eabi.lib</file>
         <name>log.obj</name>
      </input_file>
      <input_file id="fl-168">
         <path>C:\ti\ccs1250\ccs\tools\compiler\ti-cgt-arm_5.2.9\lib\</path>
         <kind>archive</kind>
         <file>rtsv7M4_T_le_v4SPD16_eabi.lib</file>
         <name>ltoa.obj</name>
      </input_file>
      <input_file id="fl-169">
         <path>C:\ti\ccs1250\ccs\tools\compiler\ti-cgt-arm_5.2.9\lib\</path>
         <kind>archive</kind>
         <file>rtsv7M4_T_le_v4SPD16_eabi.lib</file>
         <name>memccpy.obj</name>
      </input_file>
      <input_file id="fl-16a">
         <path>C:\ti\ccs1250\ccs\tools\compiler\ti-cgt-arm_5.2.9\lib\</path>
         <kind>archive</kind>
         <file>rtsv7M4_T_le_v4SPD16_eabi.lib</file>
         <name>raise.obj</name>
      </input_file>
      <input_file id="fl-16b">
         <path>C:\ti\ccs1250\ccs\tools\compiler\ti-cgt-arm_5.2.9\lib\</path>
         <kind>archive</kind>
         <file>rtsv7M4_T_le_v4SPD16_eabi.lib</file>
         <name>signal.obj</name>
      </input_file>
      <input_file id="fl-16c">
         <path>C:\ti\ccs1250\ccs\tools\compiler\ti-cgt-arm_5.2.9\lib\</path>
         <kind>archive</kind>
         <file>rtsv7M4_T_le_v4SPD16_eabi.lib</file>
         <name>strchr.obj</name>
      </input_file>
      <input_file id="fl-16d">
         <path>C:\ti\ccs1250\ccs\tools\compiler\ti-cgt-arm_5.2.9\lib\</path>
         <kind>archive</kind>
         <file>rtsv7M4_T_le_v4SPD16_eabi.lib</file>
         <name>ull_div_t2.obj</name>
      </input_file>
      <input_file id="fl-16e">
         <path>C:\ti\ccs1250\ccs\tools\compiler\ti-cgt-arm_5.2.9\lib\</path>
         <kind>archive</kind>
         <file>rtsv7M4_T_le_v4SPD16_eabi.lib</file>
         <name>xdnorm.obj</name>
      </input_file>
      <input_file id="fl-16f">
         <path>C:\ti\ccs1250\ccs\tools\compiler\ti-cgt-arm_5.2.9\lib\</path>
         <kind>archive</kind>
         <file>rtsv7M4_T_le_v4SPD16_eabi.lib</file>
         <name>xdscale.obj</name>
      </input_file>
      <input_file id="fl-170">
         <path>C:\ti\ccs1250\ccs\tools\compiler\ti-cgt-arm_5.2.9\lib\</path>
         <kind>archive</kind>
         <file>rtsv7M4_T_le_v4SPD16_eabi.lib</file>
         <name>xlog.obj</name>
      </input_file>
      <input_file id="fl-171">
         <path>C:\ti\ccs1250\ccs\tools\compiler\ti-cgt-arm_5.2.9\lib\</path>
         <kind>archive</kind>
         <file>rtsv7M4_T_le_v4SPD16_eabi.lib</file>
         <name>xfvalues.obj</name>
      </input_file>
      <input_file id="fl-172">
         <path>C:\ti\tivaware_c_series_2_1_4_178\driverlib\ccs\Debug\</path>
         <kind>archive</kind>
         <file>driverlib.lib</file>
         <name>fpu.obj</name>
      </input_file>
      <input_file id="fl-173">
         <path>C:\ti\tivaware_c_series_2_1_4_178\driverlib\ccs\Debug\</path>
         <kind>archive</kind>
         <file>driverlib.lib</file>
         <name>gpio.obj</name>
      </input_file>
      <input_file id="fl-174">
         <path>C:\ti\tivaware_c_series_2_1_4_178\driverlib\ccs\Debug\</path>
         <kind>archive</kind>
         <file>driverlib.lib</file>
         <name>i2c.obj</name>
      </input_file>
      <input_file id="fl-175">
         <path>C:\ti\tivaware_c_series_2_1_4_178\driverlib\ccs\Debug\</path>
         <kind>archive</kind>
         <file>driverlib.lib</file>
         <name>interrupt.obj</name>
      </input_file>
      <input_file id="fl-176">
         <path>C:\ti\tivaware_c_series_2_1_4_178\driverlib\ccs\Debug\</path>
         <kind>archive</kind>
         <file>driverlib.lib</file>
         <name>pwm.obj</name>
      </input_file>
      <input_file id="fl-177">
         <path>C:\ti\tivaware_c_series_2_1_4_178\driverlib\ccs\Debug\</path>
         <kind>archive</kind>
         <file>driverlib.lib</file>
         <name>sysctl.obj</name>
      </input_file>
      <input_file id="fl-178">
         <path>C:\ti\tivaware_c_series_2_1_4_178\driverlib\ccs\Debug\</path>
         <kind>archive</kind>
         <file>driverlib.lib</file>
         <name>uart.obj</name>
      </input_file>
      <input_file id="fl-179">
         <path>C:\ti\tivaware_c_series_2_1_4_178\driverlib\ccs\Debug\</path>
         <kind>archive</kind>
         <file>driverlib.lib</file>
         <name>cpu.obj</name>
      </input_file>
   </input_file_list>
   <object_component_list>
      <object_component id="oc-f">
         <name>.intvecs</name>
         <load_address>0x0</load_address>
         <run_address>0x0</run_address>
         <size>0x26c</size>
         <input_file_ref idref="fl-d"/>
      </object_component>
      <object_component id="oc-516">
         <name>.text</name>
         <load_address>0x26c</load_address>
         <run_address>0x26c</run_address>
         <size>0x10ec</size>
         <input_file_ref idref="fl-15a"/>
      </object_component>
      <object_component id="oc-4eb">
         <name>.text</name>
         <load_address>0x1358</load_address>
         <run_address>0x1358</run_address>
         <size>0x498</size>
         <input_file_ref idref="fl-14b"/>
      </object_component>
      <object_component id="oc-1ef">
         <name>.text:MENUTask</name>
         <load_address>0x17f0</load_address>
         <run_address>0x17f0</run_address>
         <size>0x3e8</size>
         <input_file_ref idref="fl-c"/>
      </object_component>
      <object_component id="oc-70e">
         <name>.text</name>
         <load_address>0x1bd8</load_address>
         <run_address>0x1bd8</run_address>
         <size>0x2ec</size>
         <input_file_ref idref="fl-170"/>
      </object_component>
      <object_component id="oc-63a">
         <name>.text</name>
         <load_address>0x1ec4</load_address>
         <run_address>0x1ec4</run_address>
         <size>0x1fc</size>
         <input_file_ref idref="fl-156"/>
      </object_component>
      <object_component id="oc-64d">
         <name>.text</name>
         <load_address>0x20c0</load_address>
         <run_address>0x20c0</run_address>
         <size>0x1f4</size>
         <input_file_ref idref="fl-16d"/>
      </object_component>
      <object_component id="oc-625">
         <name>.text</name>
         <load_address>0x22b4</load_address>
         <run_address>0x22b4</run_address>
         <size>0x1b6</size>
         <input_file_ref idref="fl-15f"/>
      </object_component>
      <object_component id="oc-36">
         <name>.text:FaultISR</name>
         <load_address>0x246a</load_address>
         <run_address>0x246a</run_address>
         <size>0x2</size>
         <input_file_ref idref="fl-d"/>
      </object_component>
      <object_component id="oc-206">
         <name>.text:UARTTask</name>
         <load_address>0x246c</load_address>
         <run_address>0x246c</run_address>
         <size>0x19c</size>
         <input_file_ref idref="fl-7"/>
      </object_component>
      <object_component id="oc-635">
         <name>.text</name>
         <load_address>0x2608</load_address>
         <run_address>0x2608</run_address>
         <size>0x136</size>
         <input_file_ref idref="fl-161"/>
      </object_component>
      <object_component id="oc-429">
         <name>.text:GPIOPadConfigSet</name>
         <load_address>0x273e</load_address>
         <run_address>0x273e</run_address>
         <size>0x132</size>
         <input_file_ref idref="fl-173"/>
      </object_component>
      <object_component id="oc-1a5">
         <name>.text:xQueueGenericReceive</name>
         <load_address>0x2870</load_address>
         <run_address>0x2870</run_address>
         <size>0x11c</size>
         <input_file_ref idref="fl-12"/>
      </object_component>
      <object_component id="oc-1e3">
         <name>.text:I2CTask</name>
         <load_address>0x298c</load_address>
         <run_address>0x298c</run_address>
         <size>0x114</size>
         <input_file_ref idref="fl-2"/>
      </object_component>
      <object_component id="oc-491">
         <name>.text:SysCtlClockGet</name>
         <load_address>0x2aa0</load_address>
         <run_address>0x2aa0</run_address>
         <size>0x110</size>
         <input_file_ref idref="fl-177"/>
      </object_component>
      <object_component id="oc-716">
         <name>.text</name>
         <load_address>0x2bb0</load_address>
         <run_address>0x2bb0</run_address>
         <size>0x110</size>
         <input_file_ref idref="fl-16f"/>
      </object_component>
      <object_component id="oc-1bd">
         <name>.text:xTaskGenericCreate</name>
         <load_address>0x2cc0</load_address>
         <run_address>0x2cc0</run_address>
         <size>0x104</size>
         <input_file_ref idref="fl-13"/>
      </object_component>
      <object_component id="oc-a2">
         <name>.text:xTaskIncrementTick</name>
         <load_address>0x2dc4</load_address>
         <run_address>0x2dc4</run_address>
         <size>0x104</size>
         <input_file_ref idref="fl-13"/>
      </object_component>
      <object_component id="oc-19f">
         <name>.text:LCD_init</name>
         <load_address>0x2ec8</load_address>
         <run_address>0x2ec8</run_address>
         <size>0xfc</size>
         <input_file_ref idref="fl-4"/>
      </object_component>
      <object_component id="oc-4f1">
         <name>.text</name>
         <load_address>0x2fc4</load_address>
         <run_address>0x2fc4</run_address>
         <size>0xfc</size>
         <input_file_ref idref="fl-144"/>
      </object_component>
      <object_component id="oc-566">
         <name>.text:SysCtlClockSet</name>
         <load_address>0x30c0</load_address>
         <run_address>0x30c0</run_address>
         <size>0xf4</size>
         <input_file_ref idref="fl-177"/>
      </object_component>
      <object_component id="oc-199">
         <name>.text:xQueueGenericSend</name>
         <load_address>0x31b4</load_address>
         <run_address>0x31b4</run_address>
         <size>0xe8</size>
         <input_file_ref idref="fl-12"/>
      </object_component>
      <object_component id="oc-258">
         <name>.text:xTaskResumeAll</name>
         <load_address>0x329c</load_address>
         <run_address>0x329c</run_address>
         <size>0xe4</size>
         <input_file_ref idref="fl-13"/>
      </object_component>
      <object_component id="oc-42">
         <name>.text</name>
         <load_address>0x3380</load_address>
         <run_address>0x3380</run_address>
         <size>0xd2</size>
         <input_file_ref idref="fl-15"/>
      </object_component>
      <object_component id="oc-3c">
         <name>.text:IntDefaultHandler</name>
         <load_address>0x3452</load_address>
         <run_address>0x3452</run_address>
         <size>0x2</size>
         <input_file_ref idref="fl-d"/>
      </object_component>
      <object_component id="oc-1d7">
         <name>.text:KEYBOARDTask</name>
         <load_address>0x3454</load_address>
         <run_address>0x3454</run_address>
         <size>0xc8</size>
         <input_file_ref idref="fl-3"/>
      </object_component>
      <object_component id="oc-614">
         <name>.text</name>
         <load_address>0x351c</load_address>
         <run_address>0x351c</run_address>
         <size>0xc0</size>
         <input_file_ref idref="fl-154"/>
      </object_component>
      <object_component id="oc-6f5">
         <name>.text</name>
         <load_address>0x35dc</load_address>
         <run_address>0x35dc</run_address>
         <size>0xbe</size>
         <input_file_ref idref="fl-16e"/>
      </object_component>
      <object_component id="oc-30">
         <name>.text:NmiSR</name>
         <load_address>0x369a</load_address>
         <run_address>0x369a</run_address>
         <size>0x2</size>
         <input_file_ref idref="fl-d"/>
      </object_component>
      <object_component id="oc-760">
         <name>.text:process_buffer</name>
         <load_address>0x369c</load_address>
         <run_address>0x369c</run_address>
         <size>0xb4</size>
         <input_file_ref idref="fl-7"/>
      </object_component>
      <object_component id="oc-221">
         <name>.text:pvPortMalloc</name>
         <load_address>0x3750</load_address>
         <run_address>0x3750</run_address>
         <size>0xac</size>
         <input_file_ref idref="fl-16"/>
      </object_component>
      <object_component id="oc-134">
         <name>.text:MENUTaskInit</name>
         <load_address>0x37fc</load_address>
         <run_address>0x37fc</run_address>
         <size>0xa0</size>
         <input_file_ref idref="fl-c"/>
      </object_component>
      <object_component id="oc-50">
         <name>.text</name>
         <load_address>0x389c</load_address>
         <run_address>0x389c</run_address>
         <size>0x9c</size>
         <input_file_ref idref="fl-149"/>
      </object_component>
      <object_component id="oc-291">
         <name>.text:vTaskPriorityInherit</name>
         <load_address>0x3938</load_address>
         <run_address>0x3938</run_address>
         <size>0x94</size>
         <input_file_ref idref="fl-13"/>
      </object_component>
      <object_component id="oc-122">
         <name>.text:LCDTaskInit</name>
         <load_address>0x39cc</load_address>
         <run_address>0x39cc</run_address>
         <size>0x90</size>
         <input_file_ref idref="fl-5"/>
      </object_component>
      <object_component id="oc-12e">
         <name>.text:I2CTaskInit</name>
         <load_address>0x3a5c</load_address>
         <run_address>0x3a5c</run_address>
         <size>0x8c</size>
         <input_file_ref idref="fl-2"/>
      </object_component>
      <object_component id="oc-9b">
         <name>.text:vTaskSwitchContext</name>
         <load_address>0x3ae8</load_address>
         <run_address>0x3ae8</run_address>
         <size>0x8c</size>
         <input_file_ref idref="fl-13"/>
      </object_component>
      <object_component id="oc-61a">
         <name>.text:__aeabi_cdcmple</name>
         <load_address>0x3b74</load_address>
         <run_address>0x3b74</run_address>
         <size>0x86</size>
         <input_file_ref idref="fl-160"/>
      </object_component>
      <object_component id="oc-652">
         <name>.text:__aeabi_cdrcmple</name>
         <load_address>0x3bfa</load_address>
         <run_address>0x3bfa</run_address>
         <size>0x86</size>
         <input_file_ref idref="fl-160"/>
      </object_component>
      <object_component id="oc-1ab">
         <name>.text:LCD_Command</name>
         <load_address>0x3c80</load_address>
         <run_address>0x3c80</run_address>
         <size>0x84</size>
         <input_file_ref idref="fl-4"/>
      </object_component>
      <object_component id="oc-323">
         <name>.text:ftoa</name>
         <load_address>0x3d04</load_address>
         <run_address>0x3d04</run_address>
         <size>0x84</size>
         <input_file_ref idref="fl-9"/>
      </object_component>
      <object_component id="oc-227">
         <name>.text:xQueueGenericReset</name>
         <load_address>0x3d88</load_address>
         <run_address>0x3d88</run_address>
         <size>0x84</size>
         <input_file_ref idref="fl-12"/>
      </object_component>
      <object_component id="oc-3aa">
         <name>.text:UART_init</name>
         <load_address>0x3e0c</load_address>
         <run_address>0x3e0c</run_address>
         <size>0x7c</size>
         <input_file_ref idref="fl-7"/>
      </object_component>
      <object_component id="oc-34c">
         <name>.text:guarda_hora</name>
         <load_address>0x3e88</load_address>
         <run_address>0x3e88</run_address>
         <size>0x7c</size>
         <input_file_ref idref="fl-e"/>
      </object_component>
      <object_component id="oc-41f">
         <name>.text:xTaskPriorityDisinherit</name>
         <load_address>0x3f04</load_address>
         <run_address>0x3f04</run_address>
         <size>0x7c</size>
         <input_file_ref idref="fl-13"/>
      </object_component>
      <object_component id="oc-69">
         <name>.text</name>
         <load_address>0x3f80</load_address>
         <run_address>0x3f80</run_address>
         <size>0x7a</size>
         <input_file_ref idref="fl-14a"/>
      </object_component>
      <object_component id="oc-f0">
         <name>.text:vApplicationStackOverflowHook</name>
         <load_address>0x3ffa</load_address>
         <run_address>0x3ffa</run_address>
         <size>0x2</size>
         <input_file_ref idref="fl-b"/>
      </object_component>
      <object_component id="oc-30b">
         <name>.text:I2C_Init</name>
         <load_address>0x3ffc</load_address>
         <run_address>0x3ffc</run_address>
         <size>0x78</size>
         <input_file_ref idref="fl-9"/>
      </object_component>
      <object_component id="oc-317">
         <name>.text:READ_temperature</name>
         <load_address>0x4074</load_address>
         <run_address>0x4074</run_address>
         <size>0x74</size>
         <input_file_ref idref="fl-9"/>
      </object_component>
      <object_component id="oc-1ce">
         <name>.text:keypad_init</name>
         <load_address>0x40e8</load_address>
         <run_address>0x40e8</run_address>
         <size>0x74</size>
         <input_file_ref idref="fl-a"/>
      </object_component>
      <object_component id="oc-270">
         <name>.text:xTaskRemoveFromEventList</name>
         <load_address>0x415c</load_address>
         <run_address>0x415c</run_address>
         <size>0x74</size>
         <input_file_ref idref="fl-13"/>
      </object_component>
      <object_component id="oc-26a">
         <name>.text:prvCopyDataToQueue</name>
         <load_address>0x41d0</load_address>
         <run_address>0x41d0</run_address>
         <size>0x72</size>
         <input_file_ref idref="fl-12"/>
      </object_component>
      <object_component id="oc-346">
         <name>.text:verf_hora</name>
         <load_address>0x4242</load_address>
         <run_address>0x4242</run_address>
         <size>0x72</size>
         <input_file_ref idref="fl-e"/>
      </object_component>
      <object_component id="oc-1f6">
         <name>.text:PWM_Init</name>
         <load_address>0x42b4</load_address>
         <run_address>0x42b4</run_address>
         <size>0x70</size>
         <input_file_ref idref="fl-6"/>
      </object_component>
      <object_component id="oc-302">
         <name>.text:detect_key</name>
         <load_address>0x4324</load_address>
         <run_address>0x4324</run_address>
         <size>0x70</size>
         <input_file_ref idref="fl-a"/>
      </object_component>
      <object_component id="oc-4f6">
         <name>.text</name>
         <load_address>0x4394</load_address>
         <run_address>0x4394</run_address>
         <size>0x6e</size>
         <input_file_ref idref="fl-145"/>
      </object_component>
      <object_component id="oc-7b">
         <name>.text</name>
         <load_address>0x4404</load_address>
         <run_address>0x4404</run_address>
         <size>0x6c</size>
         <input_file_ref idref="fl-15c"/>
      </object_component>
      <object_component id="oc-5c">
         <name>.text</name>
         <load_address>0x4470</load_address>
         <run_address>0x4470</run_address>
         <size>0x6a</size>
         <input_file_ref idref="fl-141"/>
      </object_component>
      <object_component id="oc-471">
         <name>.text:IntEnable</name>
         <load_address>0x44dc</load_address>
         <run_address>0x44dc</run_address>
         <size>0x68</size>
         <input_file_ref idref="fl-175"/>
      </object_component>
      <object_component id="oc-3b6">
         <name>.text:transforma_hora</name>
         <load_address>0x4544</load_address>
         <run_address>0x4544</run_address>
         <size>0x68</size>
         <input_file_ref idref="fl-e"/>
      </object_component>
      <object_component id="oc-60e">
         <name>.text</name>
         <load_address>0x45ac</load_address>
         <run_address>0x45ac</run_address>
         <size>0x66</size>
         <input_file_ref idref="fl-155"/>
      </object_component>
      <object_component id="oc-264">
         <name>.text:vTaskPlaceOnEventList</name>
         <load_address>0x4614</load_address>
         <run_address>0x4614</run_address>
         <size>0x64</size>
         <input_file_ref idref="fl-13"/>
      </object_component>
      <object_component id="oc-252">
         <name>.text:prvUnlockQueue</name>
         <load_address>0x4678</load_address>
         <run_address>0x4678</run_address>
         <size>0x62</size>
         <input_file_ref idref="fl-12"/>
      </object_component>
      <object_component id="oc-592">
         <name>.text:citoa</name>
         <load_address>0x46da</load_address>
         <run_address>0x46da</run_address>
         <size>0x60</size>
         <input_file_ref idref="fl-e"/>
      </object_component>
      <object_component id="oc-2ba">
         <name>.text:prvInitialiseTaskLists</name>
         <load_address>0x473c</load_address>
         <run_address>0x473c</run_address>
         <size>0x60</size>
         <input_file_ref idref="fl-13"/>
      </object_component>
      <object_component id="oc-32f">
         <name>.text</name>
         <load_address>0x479c</load_address>
         <run_address>0x479c</run_address>
         <size>0x60</size>
         <input_file_ref idref="fl-14d"/>
      </object_component>
      <object_component id="oc-146">
         <name>.text:vTaskStartScheduler</name>
         <load_address>0x47fc</load_address>
         <run_address>0x47fc</run_address>
         <size>0x60</size>
         <input_file_ref idref="fl-13"/>
      </object_component>
      <object_component id="oc-2f6">
         <name>.text:vTaskDelay</name>
         <load_address>0x485c</load_address>
         <run_address>0x485c</run_address>
         <size>0x5c</size>
         <input_file_ref idref="fl-13"/>
      </object_component>
      <object_component id="oc-128">
         <name>.text:KEYBOARDTaskInit</name>
         <load_address>0x48b8</load_address>
         <run_address>0x48b8</run_address>
         <size>0x58</size>
         <input_file_ref idref="fl-3"/>
      </object_component>
      <object_component id="oc-3df">
         <name>.text:prvCheckTasksWaitingTermination</name>
         <load_address>0x4910</load_address>
         <run_address>0x4910</run_address>
         <size>0x58</size>
         <input_file_ref idref="fl-13"/>
      </object_component>
      <object_component id="oc-2e1">
         <name>.text:GPIOIntTypeSet</name>
         <load_address>0x4968</load_address>
         <run_address>0x4968</run_address>
         <size>0x56</size>
         <input_file_ref idref="fl-173"/>
      </object_component>
      <object_component id="oc-340">
         <name>.text:verf_data</name>
         <load_address>0x49be</load_address>
         <run_address>0x49be</run_address>
         <size>0x56</size>
         <input_file_ref idref="fl-e"/>
      </object_component>
      <object_component id="oc-487">
         <name>.text:xQueueGiveFromISR</name>
         <load_address>0x4a14</load_address>
         <run_address>0x4a14</run_address>
         <size>0x56</size>
         <input_file_ref idref="fl-12"/>
      </object_component>
      <object_component id="oc-45d">
         <name>.text:LCD_Write_c</name>
         <load_address>0x4a6c</load_address>
         <run_address>0x4a6c</run_address>
         <size>0x54</size>
         <input_file_ref idref="fl-4"/>
      </object_component>
      <object_component id="oc-2ae">
         <name>.text:prvInitialiseTCBVariables</name>
         <load_address>0x4ac0</load_address>
         <run_address>0x4ac0</run_address>
         <size>0x54</size>
         <input_file_ref idref="fl-13"/>
      </object_component>
      <object_component id="oc-657">
         <name>.text</name>
         <load_address>0x4b14</load_address>
         <run_address>0x4b14</run_address>
         <size>0x54</size>
         <input_file_ref idref="fl-168"/>
      </object_component>
      <object_component id="oc-24c">
         <name>.text:xTaskCheckForTimeOut</name>
         <load_address>0x4b68</load_address>
         <run_address>0x4b68</run_address>
         <size>0x54</size>
         <input_file_ref idref="fl-13"/>
      </object_component>
      <object_component id="oc-52c">
         <name>.text:atoi</name>
         <load_address>0x4bbc</load_address>
         <run_address>0x4bbc</run_address>
         <size>0x52</size>
         <input_file_ref idref="fl-e"/>
      </object_component>
      <object_component id="oc-663">
         <name>.text</name>
         <load_address>0x4c0e</load_address>
         <run_address>0x4c0e</run_address>
         <size>0x52</size>
         <input_file_ref idref="fl-166"/>
      </object_component>
      <object_component id="oc-4a1">
         <name>.text:SysCtlPeripheralReset</name>
         <load_address>0x4c60</load_address>
         <run_address>0x4c60</run_address>
         <size>0x50</size>
         <input_file_ref idref="fl-177"/>
      </object_component>
      <object_component id="oc-24">
         <name>.text</name>
         <load_address>0x4cb0</load_address>
         <run_address>0x4cb0</run_address>
         <size>0x50</size>
         <input_file_ref idref="fl-13f"/>
      </object_component>
      <object_component id="oc-4b3">
         <name>.text:I2CMasterInitExpClk</name>
         <load_address>0x4d00</load_address>
         <run_address>0x4d00</run_address>
         <size>0x4c</size>
         <input_file_ref idref="fl-174"/>
      </object_component>
      <object_component id="oc-2ed">
         <name>.text:PortEIntHandler</name>
         <load_address>0x4d4c</load_address>
         <run_address>0x4d4c</run_address>
         <size>0x4c</size>
         <input_file_ref idref="fl-a"/>
      </object_component>
      <object_component id="oc-417">
         <name>.text:prvAddCurrentTaskToDelayedList</name>
         <load_address>0x4d98</load_address>
         <run_address>0x4d98</run_address>
         <size>0x4c</size>
         <input_file_ref idref="fl-13"/>
      </object_component>
      <object_component id="oc-c9">
         <name>.text</name>
         <load_address>0x4de4</load_address>
         <run_address>0x4de4</run_address>
         <size>0x4c</size>
         <input_file_ref idref="fl-15d"/>
      </object_component>
      <object_component id="oc-311">
         <name>.text:Configure_Sensor</name>
         <load_address>0x4e30</load_address>
         <run_address>0x4e30</run_address>
         <size>0x48</size>
         <input_file_ref idref="fl-9"/>
      </object_component>
      <object_component id="oc-36a">
         <name>.text:GPIOPinConfigure</name>
         <load_address>0x4e78</load_address>
         <run_address>0x4e78</run_address>
         <size>0x48</size>
         <input_file_ref idref="fl-173"/>
      </object_component>
      <object_component id="oc-1c7">
         <name>.text:LCDTask</name>
         <load_address>0x4ec0</load_address>
         <run_address>0x4ec0</run_address>
         <size>0x48</size>
         <input_file_ref idref="fl-5"/>
      </object_component>
      <object_component id="oc-6c9">
         <name>.text:Receive_MSG</name>
         <load_address>0x4f08</load_address>
         <run_address>0x4f08</run_address>
         <size>0x48</size>
         <input_file_ref idref="fl-7"/>
      </object_component>
      <object_component id="oc-140">
         <name>.text:UARTTaskInit</name>
         <load_address>0x4f50</load_address>
         <run_address>0x4f50</run_address>
         <size>0x48</size>
         <input_file_ref idref="fl-7"/>
      </object_component>
      <object_component id="oc-4db">
         <name>.text:intToStr</name>
         <load_address>0x4f98</load_address>
         <run_address>0x4f98</run_address>
         <size>0x48</size>
         <input_file_ref idref="fl-9"/>
      </object_component>
      <object_component id="oc-62a">
         <name>.text</name>
         <load_address>0x4fe0</load_address>
         <run_address>0x4fe0</run_address>
         <size>0x48</size>
         <input_file_ref idref="fl-162"/>
      </object_component>
      <object_component id="oc-572">
         <name>.text:UARTConfigSetExpClk</name>
         <load_address>0x5028</load_address>
         <run_address>0x5028</run_address>
         <size>0x46</size>
         <input_file_ref idref="fl-178"/>
      </object_component>
      <object_component id="oc-465">
         <name>.text:_GPIOIntNumberGet</name>
         <load_address>0x5070</load_address>
         <run_address>0x5070</run_address>
         <size>0x44</size>
         <input_file_ref idref="fl-173"/>
      </object_component>
      <object_component id="oc-87">
         <name>.text</name>
         <load_address>0x50b4</load_address>
         <run_address>0x50b4</run_address>
         <size>0x44</size>
         <input_file_ref idref="fl-143"/>
      </object_component>
      <object_component id="oc-43e">
         <name>.text:vPortFree</name>
         <load_address>0x50f8</load_address>
         <run_address>0x50f8</run_address>
         <size>0x44</size>
         <input_file_ref idref="fl-16"/>
      </object_component>
      <object_component id="oc-6b5">
         <name>.text:_UARTIntNumberGet</name>
         <load_address>0x513c</load_address>
         <run_address>0x513c</run_address>
         <size>0x40</size>
         <input_file_ref idref="fl-178"/>
      </object_component>
      <object_component id="oc-79e">
         <name>.text</name>
         <load_address>0x517c</load_address>
         <run_address>0x517c</run_address>
         <size>0x40</size>
         <input_file_ref idref="fl-16b"/>
      </object_component>
      <object_component id="oc-20d">
         <name>.text:xPortStartScheduler</name>
         <load_address>0x51bc</load_address>
         <run_address>0x51bc</run_address>
         <size>0x40</size>
         <input_file_ref idref="fl-14"/>
      </object_component>
      <object_component id="oc-193">
         <name>.text:xQueueGenericCreate</name>
         <load_address>0x51fc</load_address>
         <run_address>0x51fc</run_address>
         <size>0x3c</size>
         <input_file_ref idref="fl-12"/>
      </object_component>
      <object_component id="oc-2a8">
         <name>.text:prvAllocateTCBAndStack</name>
         <load_address>0x5238</load_address>
         <run_address>0x5238</run_address>
         <size>0x3a</size>
         <input_file_ref idref="fl-13"/>
      </object_component>
      <object_component id="oc-13a">
         <name>.text:BUZZERTaskInit</name>
         <load_address>0x5274</load_address>
         <run_address>0x5274</run_address>
         <size>0x38</size>
         <input_file_ref idref="fl-8"/>
      </object_component>
      <object_component id="oc-2cf">
         <name>.text:SysCtlPeripheralReady</name>
         <load_address>0x52ac</load_address>
         <run_address>0x52ac</run_address>
         <size>0x38</size>
         <input_file_ref idref="fl-177"/>
      </object_component>
      <object_component id="oc-d1">
         <name>.text:main</name>
         <load_address>0x52e4</load_address>
         <run_address>0x52e4</run_address>
         <size>0x38</size>
         <input_file_ref idref="fl-b"/>
      </object_component>
      <object_component id="oc-4e1">
         <name>.text</name>
         <load_address>0x531c</load_address>
         <run_address>0x531c</run_address>
         <size>0x38</size>
         <input_file_ref idref="fl-146"/>
      </object_component>
      <object_component id="oc-411">
         <name>.text:vListInsert</name>
         <load_address>0x5354</load_address>
         <run_address>0x5354</run_address>
         <size>0x38</size>
         <input_file_ref idref="fl-11"/>
      </object_component>
      <object_component id="oc-46b">
         <name>.text:IntRegister</name>
         <load_address>0x538c</load_address>
         <run_address>0x538c</run_address>
         <size>0x34</size>
         <input_file_ref idref="fl-175"/>
      </object_component>
      <object_component id="oc-277">
         <name>.text:SysCtlPeripheralEnable</name>
         <load_address>0x53c0</load_address>
         <run_address>0x53c0</run_address>
         <size>0x34</size>
         <input_file_ref idref="fl-177"/>
      </object_component>
      <object_component id="oc-329">
         <name>.text:busca_hora</name>
         <load_address>0x53f4</load_address>
         <run_address>0x53f4</run_address>
         <size>0x34</size>
         <input_file_ref idref="fl-e"/>
      </object_component>
      <object_component id="oc-702">
         <name>.text</name>
         <load_address>0x5428</load_address>
         <run_address>0x5428</run_address>
         <size>0x34</size>
         <input_file_ref idref="fl-163"/>
      </object_component>
      <object_component id="oc-1fc">
         <name>.text:BUZZERTask</name>
         <load_address>0x545c</load_address>
         <run_address>0x545c</run_address>
         <size>0x30</size>
         <input_file_ref idref="fl-8"/>
      </object_component>
      <object_component id="oc-3b0">
         <name>.text:find_packet</name>
         <load_address>0x548c</load_address>
         <run_address>0x548c</run_address>
         <size>0x30</size>
         <input_file_ref idref="fl-7"/>
      </object_component>
      <object_component id="oc-3e6">
         <name>.text:prvHeapInit</name>
         <load_address>0x54bc</load_address>
         <run_address>0x54bc</run_address>
         <size>0x30</size>
         <input_file_ref idref="fl-16"/>
      </object_component>
      <object_component id="oc-61f">
         <name>.text</name>
         <load_address>0x54ec</load_address>
         <run_address>0x54ec</run_address>
         <size>0x30</size>
         <input_file_ref idref="fl-157"/>
      </object_component>
      <object_component id="oc-4e6">
         <name>.text</name>
         <load_address>0x551c</load_address>
         <run_address>0x551c</run_address>
         <size>0x2e</size>
         <input_file_ref idref="fl-148"/>
      </object_component>
      <object_component id="oc-770">
         <name>.text</name>
         <load_address>0x554a</load_address>
         <run_address>0x554a</run_address>
         <size>0x2e</size>
         <input_file_ref idref="fl-16a"/>
      </object_component>
      <object_component id="oc-746">
         <name>.text:HibernateRTCSet</name>
         <load_address>0x5578</load_address>
         <run_address>0x5578</run_address>
         <size>0x2c</size>
         <input_file_ref idref="fl-e"/>
      </object_component>
      <object_component id="oc-534">
         <name>.text:relogio</name>
         <load_address>0x55a4</load_address>
         <run_address>0x55a4</run_address>
         <size>0x2c</size>
         <input_file_ref idref="fl-e"/>
      </object_component>
      <object_component id="oc-47">
         <name>.text:xPortSysTickHandler</name>
         <load_address>0x55d0</load_address>
         <run_address>0x55d0</run_address>
         <size>0x2c</size>
         <input_file_ref idref="fl-14"/>
      </object_component>
      <object_component id="oc-42f">
         <name>.text:GPIODirModeSet</name>
         <load_address>0x55fc</load_address>
         <run_address>0x55fc</run_address>
         <size>0x2a</size>
         <input_file_ref idref="fl-173"/>
      </object_component>
      <object_component id="oc-65d">
         <name>.text</name>
         <load_address>0x5626</load_address>
         <run_address>0x5626</run_address>
         <size>0x2a</size>
         <input_file_ref idref="fl-164"/>
      </object_component>
      <object_component id="oc-fa">
         <name>.text:prvResetNextTaskUnblockTime</name>
         <load_address>0x5650</load_address>
         <run_address>0x5650</run_address>
         <size>0x28</size>
         <input_file_ref idref="fl-13"/>
      </object_component>
      <object_component id="oc-2b4">
         <name>.text:pxPortInitialiseStack</name>
         <load_address>0x5678</load_address>
         <run_address>0x5678</run_address>
         <size>0x28</size>
         <input_file_ref idref="fl-14"/>
      </object_component>
      <object_component id="oc-3c2">
         <name>.text</name>
         <load_address>0x56a0</load_address>
         <run_address>0x56a0</run_address>
         <size>0x28</size>
         <input_file_ref idref="fl-152"/>
      </object_component>
      <object_component id="oc-297">
         <name>.text:prvCopyDataFromQueue</name>
         <load_address>0x56c8</load_address>
         <run_address>0x56c8</run_address>
         <size>0x26</size>
         <input_file_ref idref="fl-12"/>
      </object_component>
      <object_component id="oc-605">
         <name>.text:reverse</name>
         <load_address>0x56ee</load_address>
         <run_address>0x56ee</run_address>
         <size>0x26</size>
         <input_file_ref idref="fl-9"/>
      </object_component>
      <object_component id="oc-6d2">
         <name>.text:reverse_str</name>
         <load_address>0x5714</load_address>
         <run_address>0x5714</run_address>
         <size>0x26</size>
         <input_file_ref idref="fl-e"/>
      </object_component>
      <object_component id="oc-5d0">
         <name>.text:LCD_Pulse</name>
         <load_address>0x573c</load_address>
         <run_address>0x573c</run_address>
         <size>0x24</size>
         <input_file_ref idref="fl-4"/>
      </object_component>
      <object_component id="oc-376">
         <name>.text:PWMGenConfigure</name>
         <load_address>0x5760</load_address>
         <run_address>0x5760</run_address>
         <size>0x22</size>
         <input_file_ref idref="fl-176"/>
      </object_component>
      <object_component id="oc-6a7">
         <name>.text:UARTDisable</name>
         <load_address>0x5784</load_address>
         <run_address>0x5784</run_address>
         <size>0x20</size>
         <input_file_ref idref="fl-178"/>
      </object_component>
      <object_component id="oc-584">
         <name>.text:UARTIntHandler</name>
         <load_address>0x57a4</load_address>
         <run_address>0x57a4</run_address>
         <size>0x20</size>
         <input_file_ref idref="fl-7"/>
      </object_component>
      <object_component id="oc-100">
         <name>.text:uxListRemove</name>
         <load_address>0x57c4</load_address>
         <run_address>0x57c4</run_address>
         <size>0x20</size>
         <input_file_ref idref="fl-11"/>
      </object_component>
      <object_component id="oc-388">
         <name>.text:PWMPulseWidthSet</name>
         <load_address>0x57e4</load_address>
         <run_address>0x57e4</run_address>
         <size>0x1e</size>
         <input_file_ref idref="fl-176"/>
      </object_component>
      <object_component id="oc-2c8">
         <name>.text:LCD_print</name>
         <load_address>0x5802</load_address>
         <run_address>0x5802</run_address>
         <size>0x1c</size>
         <input_file_ref idref="fl-4"/>
      </object_component>
      <object_component id="oc-25e">
         <name>.text:prvIsQueueFull</name>
         <load_address>0x581e</load_address>
         <run_address>0x581e</run_address>
         <size>0x1c</size>
         <input_file_ref idref="fl-12"/>
      </object_component>
      <object_component id="oc-66f">
         <name>.text</name>
         <load_address>0x583a</load_address>
         <run_address>0x583a</run_address>
         <size>0x1c</size>
         <input_file_ref idref="fl-169"/>
      </object_component>
      <object_component id="oc-31d">
         <name>.text:temp_get</name>
         <load_address>0x5858</load_address>
         <run_address>0x5858</run_address>
         <size>0x1c</size>
         <input_file_ref idref="fl-9"/>
      </object_component>
      <object_component id="oc-246">
         <name>.text:vPortEnterCritical</name>
         <load_address>0x5874</load_address>
         <run_address>0x5874</run_address>
         <size>0x1c</size>
         <input_file_ref idref="fl-14"/>
      </object_component>
      <object_component id="oc-28b">
         <name>.text:prvIsQueueEmpty</name>
         <load_address>0x5890</load_address>
         <run_address>0x5890</run_address>
         <size>0x1a</size>
         <input_file_ref idref="fl-12"/>
      </object_component>
      <object_component id="oc-62f">
         <name>.text</name>
         <load_address>0x58aa</load_address>
         <run_address>0x58aa</run_address>
         <size>0x1a</size>
         <input_file_ref idref="fl-167"/>
      </object_component>
      <object_component id="oc-2d5">
         <name>.text:GPIOIntRegister</name>
         <load_address>0x58c4</load_address>
         <run_address>0x58c4</run_address>
         <size>0x18</size>
         <input_file_ref idref="fl-173"/>
      </object_component>
      <object_component id="oc-27d">
         <name>.text:GPIOPinTypeGPIOOutput</name>
         <load_address>0x58dc</load_address>
         <run_address>0x58dc</run_address>
         <size>0x18</size>
         <input_file_ref idref="fl-173"/>
      </object_component>
      <object_component id="oc-578">
         <name>.text:UARTIntRegister</name>
         <load_address>0x58f4</load_address>
         <run_address>0x58f4</run_address>
         <size>0x18</size>
         <input_file_ref idref="fl-178"/>
      </object_component>
      <object_component id="oc-497">
         <name>.text:key_pressed</name>
         <load_address>0x590c</load_address>
         <run_address>0x590c</run_address>
         <size>0x18</size>
         <input_file_ref idref="fl-a"/>
      </object_component>
      <object_component id="oc-29d">
         <name>.text:pvTaskIncrementMutexHeldCount</name>
         <load_address>0x5924</load_address>
         <run_address>0x5924</run_address>
         <size>0x18</size>
         <input_file_ref idref="fl-13"/>
      </object_component>
      <object_component id="oc-81">
         <name>.text</name>
         <load_address>0x593c</load_address>
         <run_address>0x593c</run_address>
         <size>0x18</size>
         <input_file_ref idref="fl-15b"/>
      </object_component>
      <object_component id="oc-58b">
         <name>.text</name>
         <load_address>0x5954</load_address>
         <run_address>0x5954</run_address>
         <size>0x18</size>
         <input_file_ref idref="fl-14f"/>
      </object_component>
      <object_component id="oc-106">
         <name>.text:vListInsertEnd</name>
         <load_address>0x596c</load_address>
         <run_address>0x596c</run_address>
         <size>0x18</size>
         <input_file_ref idref="fl-11"/>
      </object_component>
      <object_component id="oc-23a">
         <name>.text:vPortExitCritical</name>
         <load_address>0x5984</load_address>
         <run_address>0x5984</run_address>
         <size>0x18</size>
         <input_file_ref idref="fl-14"/>
      </object_component>
      <object_component id="oc-234">
         <name>.text:vTaskSetTimeOutState</name>
         <load_address>0x599c</load_address>
         <run_address>0x599c</run_address>
         <size>0x18</size>
         <input_file_ref idref="fl-13"/>
      </object_component>
      <object_component id="oc-503">
         <name>.text:getHours</name>
         <load_address>0x59b4</load_address>
         <run_address>0x59b4</run_address>
         <size>0x16</size>
         <input_file_ref idref="fl-e"/>
      </object_component>
      <object_component id="oc-3bc">
         <name>.text:leftShift</name>
         <load_address>0x59ca</load_address>
         <run_address>0x59ca</run_address>
         <size>0x16</size>
         <input_file_ref idref="fl-7"/>
      </object_component>
      <object_component id="oc-669">
         <name>.text</name>
         <load_address>0x59e0</load_address>
         <run_address>0x59e0</run_address>
         <size>0x16</size>
         <input_file_ref idref="fl-16c"/>
      </object_component>
      <object_component id="oc-3f4">
         <name>.text:vListInitialise</name>
         <load_address>0x59f6</load_address>
         <run_address>0x59f6</run_address>
         <size>0x16</size>
         <input_file_ref idref="fl-11"/>
      </object_component>
      <object_component id="oc-689">
         <name>.text:HibernateEnableExpClk</name>
         <load_address>0x5a0c</load_address>
         <run_address>0x5a0c</run_address>
         <size>0x14</size>
         <input_file_ref idref="fl-e"/>
      </object_component>
      <object_component id="oc-68f">
         <name>.text:HibernateRTCEnable</name>
         <load_address>0x5a20</load_address>
         <run_address>0x5a20</run_address>
         <size>0x14</size>
         <input_file_ref idref="fl-e"/>
      </object_component>
      <object_component id="oc-6ad">
         <name>.text:UARTEnable</name>
         <load_address>0x5a34</load_address>
         <run_address>0x5a34</run_address>
         <size>0x14</size>
         <input_file_ref idref="fl-178"/>
      </object_component>
      <object_component id="oc-35e">
         <name>.text:junta_hora</name>
         <load_address>0x5a48</load_address>
         <run_address>0x5a48</run_address>
         <size>0x14</size>
         <input_file_ref idref="fl-e"/>
      </object_component>
      <object_component id="oc-154">
         <name>.text</name>
         <load_address>0x5a5c</load_address>
         <run_address>0x5a5c</run_address>
         <size>0x14</size>
         <input_file_ref idref="fl-159"/>
      </object_component>
      <object_component id="oc-352">
         <name>.text</name>
         <load_address>0x5a70</load_address>
         <run_address>0x5a70</run_address>
         <size>0x14</size>
         <input_file_ref idref="fl-150"/>
      </object_component>
      <object_component id="oc-457">
         <name>.text</name>
         <load_address>0x5a84</load_address>
         <run_address>0x5a84</run_address>
         <size>0x14</size>
         <input_file_ref idref="fl-151"/>
      </object_component>
      <object_component id="oc-3d5">
         <name>.text:vPortSetupTimerInterrupt</name>
         <load_address>0x5a98</load_address>
         <run_address>0x5a98</run_address>
         <size>0x14</size>
         <input_file_ref idref="fl-14"/>
      </object_component>
      <object_component id="oc-2db">
         <name>.text:GPIOPinTypeGPIOInput</name>
         <load_address>0x5aac</load_address>
         <run_address>0x5aac</run_address>
         <size>0x12</size>
         <input_file_ref idref="fl-173"/>
      </object_component>
      <object_component id="oc-4a7">
         <name>.text:GPIOPinTypeI2C</name>
         <load_address>0x5abe</load_address>
         <run_address>0x5abe</run_address>
         <size>0x12</size>
         <input_file_ref idref="fl-173"/>
      </object_component>
      <object_component id="oc-4ad">
         <name>.text:GPIOPinTypeI2CSCL</name>
         <load_address>0x5ad0</load_address>
         <run_address>0x5ad0</run_address>
         <size>0x12</size>
         <input_file_ref idref="fl-173"/>
      </object_component>
      <object_component id="oc-370">
         <name>.text:GPIOPinTypePWM</name>
         <load_address>0x5ae2</load_address>
         <run_address>0x5ae2</run_address>
         <size>0x12</size>
         <input_file_ref idref="fl-173"/>
      </object_component>
      <object_component id="oc-56c">
         <name>.text:GPIOPinTypeUART</name>
         <load_address>0x5af4</load_address>
         <run_address>0x5af4</run_address>
         <size>0x12</size>
         <input_file_ref idref="fl-173"/>
      </object_component>
      <object_component id="oc-1b7">
         <name>.text:LCD_Cursor</name>
         <load_address>0x5b06</load_address>
         <run_address>0x5b06</run_address>
         <size>0x12</size>
         <input_file_ref idref="fl-4"/>
      </object_component>
      <object_component id="oc-382">
         <name>.text:PWMGenPeriodGet</name>
         <load_address>0x5b18</load_address>
         <run_address>0x5b18</run_address>
         <size>0x12</size>
         <input_file_ref idref="fl-176"/>
      </object_component>
      <object_component id="oc-550">
         <name>.text:PWMOutputState</name>
         <load_address>0x5b2a</load_address>
         <run_address>0x5b2a</run_address>
         <size>0x12</size>
         <input_file_ref idref="fl-176"/>
      </object_component>
      <object_component id="oc-509">
         <name>.text:getMinutes</name>
         <load_address>0x5b3c</load_address>
         <run_address>0x5b3c</run_address>
         <size>0x12</size>
         <input_file_ref idref="fl-e"/>
      </object_component>
      <object_component id="oc-5a7">
         <name>.text:prvDeleteTCB</name>
         <load_address>0x5b4e</load_address>
         <run_address>0x5b4e</run_address>
         <size>0x12</size>
         <input_file_ref idref="fl-13"/>
      </object_component>
      <object_component id="oc-395">
         <name>.text:ACTIVE_PWM</name>
         <load_address>0x5b60</load_address>
         <run_address>0x5b60</run_address>
         <size>0x10</size>
         <input_file_ref idref="fl-6"/>
      </object_component>
      <object_component id="oc-39b">
         <name>.text:DISABLE_PWM</name>
         <load_address>0x5b70</load_address>
         <run_address>0x5b70</run_address>
         <size>0x10</size>
         <input_file_ref idref="fl-6"/>
      </object_component>
      <object_component id="oc-55a">
         <name>.text:FPUEnable</name>
         <load_address>0x5b80</load_address>
         <run_address>0x5b80</run_address>
         <size>0x10</size>
         <input_file_ref idref="fl-172"/>
      </object_component>
      <object_component id="oc-560">
         <name>.text:FPULazyStackingEnable</name>
         <load_address>0x5b90</load_address>
         <run_address>0x5b90</run_address>
         <size>0x10</size>
         <input_file_ref idref="fl-172"/>
      </object_component>
      <object_component id="oc-1b1">
         <name>.text:LCD_Clear</name>
         <load_address>0x5ba0</load_address>
         <run_address>0x5ba0</run_address>
         <size>0x10</size>
         <input_file_ref idref="fl-4"/>
      </object_component>
      <object_component id="oc-37c">
         <name>.text:PWMGenPeriodSet</name>
         <load_address>0x5bb0</load_address>
         <run_address>0x5bb0</run_address>
         <size>0x10</size>
         <input_file_ref idref="fl-176"/>
      </object_component>
      <object_component id="oc-73e">
         <name>.text:_HibernateWriteComplete</name>
         <load_address>0x5bc0</load_address>
         <run_address>0x5bc0</run_address>
         <size>0x10</size>
         <input_file_ref idref="fl-e"/>
      </object_component>
      <object_component id="oc-44c">
         <name>.text:prvTaskExitError</name>
         <load_address>0x5bd0</load_address>
         <run_address>0x5bd0</run_address>
         <size>0x10</size>
         <input_file_ref idref="fl-14"/>
      </object_component>
      <object_component id="oc-240">
         <name>.text:vTaskSuspendAll</name>
         <load_address>0x5be0</load_address>
         <run_address>0x5be0</run_address>
         <size>0x10</size>
         <input_file_ref idref="fl-13"/>
      </object_component>
      <object_component id="oc-481">
         <name>.text:GPIOIntDisable</name>
         <load_address>0x5bf0</load_address>
         <run_address>0x5bf0</run_address>
         <size>0xe</size>
         <input_file_ref idref="fl-173"/>
      </object_component>
      <object_component id="oc-12">
         <name>.text:decompress:none</name>
         <load_address>0x5bfe</load_address>
         <run_address>0x5bfe</run_address>
         <size>0xe</size>
         <input_file_ref idref="fl-140"/>
      </object_component>
      <object_component id="oc-50f">
         <name>.text:getSeconds</name>
         <load_address>0x5c0c</load_address>
         <run_address>0x5c0c</run_address>
         <size>0xe</size>
         <input_file_ref idref="fl-e"/>
      </object_component>
      <object_component id="oc-695">
         <name>.text:setTimeOfDay</name>
         <load_address>0x5c1a</load_address>
         <run_address>0x5c1a</run_address>
         <size>0xe</size>
         <input_file_ref idref="fl-e"/>
      </object_component>
      <object_component id="oc-2e7">
         <name>.text:GPIOIntEnable</name>
         <load_address>0x5c28</load_address>
         <run_address>0x5c28</run_address>
         <size>0xc</size>
         <input_file_ref idref="fl-173"/>
      </object_component>
      <object_component id="oc-4fd">
         <name>.text:HibernateRTCGet</name>
         <load_address>0x5c34</load_address>
         <run_address>0x5c34</run_address>
         <size>0xc</size>
         <input_file_ref idref="fl-e"/>
      </object_component>
      <object_component id="oc-38e">
         <name>.text:PWMGenEnable</name>
         <load_address>0x5c40</load_address>
         <run_address>0x5c40</run_address>
         <size>0xc</size>
         <input_file_ref idref="fl-176"/>
      </object_component>
      <object_component id="oc-1e">
         <name>.text:decompress:ZI</name>
         <load_address>0x5c4c</load_address>
         <run_address>0x5c4c</run_address>
         <size>0xc</size>
         <input_file_ref idref="fl-142"/>
      </object_component>
      <object_component id="oc-407">
         <name>.text:vTaskMissedYield</name>
         <load_address>0x5c58</load_address>
         <run_address>0x5c58</run_address>
         <size>0xc</size>
         <input_file_ref idref="fl-13"/>
      </object_component>
      <object_component id="oc-5f8">
         <name>.text:I2CMasterEnable</name>
         <load_address>0x5c64</load_address>
         <run_address>0x5c64</run_address>
         <size>0xa</size>
         <input_file_ref idref="fl-174"/>
      </object_component>
      <object_component id="oc-75a">
         <name>.text:UARTCharGet</name>
         <load_address>0x5c6e</load_address>
         <run_address>0x5c6e</run_address>
         <size>0xa</size>
         <input_file_ref idref="fl-178"/>
      </object_component>
      <object_component id="oc-6bd">
         <name>.text:UARTIntStatus</name>
         <load_address>0x5c78</load_address>
         <run_address>0x5c78</run_address>
         <size>0xa</size>
         <input_file_ref idref="fl-178"/>
      </object_component>
      <object_component id="oc-4cc">
         <name>.text:I2CMasterBusy</name>
         <load_address>0x5c82</load_address>
         <run_address>0x5c82</run_address>
         <size>0x8</size>
         <input_file_ref idref="fl-174"/>
      </object_component>
      <object_component id="oc-4ba">
         <name>.text:I2CMasterSlaveAddrSet</name>
         <load_address>0x5c8a</load_address>
         <run_address>0x5c8a</run_address>
         <size>0x8</size>
         <input_file_ref idref="fl-174"/>
      </object_component>
      <object_component id="oc-57e">
         <name>.text:UARTIntEnable</name>
         <load_address>0x5c92</load_address>
         <run_address>0x5c92</run_address>
         <size>0x8</size>
         <input_file_ref idref="fl-178"/>
      </object_component>
      <object_component id="oc-213">
         <name>.text:prvIdleTask</name>
         <load_address>0x5c9a</load_address>
         <run_address>0x5c9a</run_address>
         <size>0x8</size>
         <input_file_ref idref="fl-13"/>
      </object_component>
      <object_component id="oc-47b">
         <name>.text:GPIOIntClear</name>
         <load_address>0x5ca2</load_address>
         <run_address>0x5ca2</run_address>
         <size>0x6</size>
         <input_file_ref idref="fl-173"/>
      </object_component>
      <object_component id="oc-2fc">
         <name>.text:GPIOPinRead</name>
         <load_address>0x5ca8</load_address>
         <run_address>0x5ca8</run_address>
         <size>0x6</size>
         <input_file_ref idref="fl-173"/>
      </object_component>
      <object_component id="oc-284">
         <name>.text:GPIOPinWrite</name>
         <load_address>0x5cae</load_address>
         <run_address>0x5cae</run_address>
         <size>0x6</size>
         <input_file_ref idref="fl-173"/>
      </object_component>
      <object_component id="oc-2a">
         <name>.text:ResetISR</name>
         <load_address>0x5cb4</load_address>
         <run_address>0x5cb4</run_address>
         <size>0x6</size>
         <input_file_ref idref="fl-d"/>
      </object_component>
      <object_component id="oc-283">
         <name>.text:SysCtlDelay</name>
         <load_address>0x5cba</load_address>
         <run_address>0x5cba</run_address>
         <size>0x6</size>
         <input_file_ref idref="fl-177"/>
      </object_component>
      <object_component id="oc-18">
         <name>.text:decompress:rle24</name>
         <load_address>0x5cc0</load_address>
         <run_address>0x5cc0</run_address>
         <size>0x6</size>
         <input_file_ref idref="fl-141"/>
      </object_component>
      <object_component id="oc-445">
         <name>.text:vListInitialiseItem</name>
         <load_address>0x5cc6</load_address>
         <run_address>0x5cc6</run_address>
         <size>0x6</size>
         <input_file_ref idref="fl-11"/>
      </object_component>
      <object_component id="oc-4c6">
         <name>.text:I2CMasterControl</name>
         <load_address>0x5ccc</load_address>
         <run_address>0x5ccc</run_address>
         <size>0x4</size>
         <input_file_ref idref="fl-174"/>
      </object_component>
      <object_component id="oc-4d3">
         <name>.text:I2CMasterDataGet</name>
         <load_address>0x5cd0</load_address>
         <run_address>0x5cd0</run_address>
         <size>0x4</size>
         <input_file_ref idref="fl-174"/>
      </object_component>
      <object_component id="oc-4c0">
         <name>.text:I2CMasterDataPut</name>
         <load_address>0x5cd4</load_address>
         <run_address>0x5cd4</run_address>
         <size>0x4</size>
         <input_file_ref idref="fl-174"/>
      </object_component>
      <object_component id="oc-6c3">
         <name>.text:UARTIntClear</name>
         <load_address>0x5cd8</load_address>
         <run_address>0x5cd8</run_address>
         <size>0x4</size>
         <input_file_ref idref="fl-178"/>
      </object_component>
      <object_component id="oc-75">
         <name>.text</name>
         <load_address>0x5cdc</load_address>
         <run_address>0x5cdc</run_address>
         <size>0x4</size>
         <input_file_ref idref="fl-14c"/>
      </object_component>
      <object_component id="oc-5da">
         <name>.const:g_ppui32GPIOIntMapSnowflake</name>
         <load_address>0x5ce0</load_address>
         <run_address>0x5ce0</run_address>
         <size>0xd8</size>
         <input_file_ref idref="fl-173"/>
      </object_component>
      <object_component id="oc-5d7">
         <name>.const:g_ppui32GPIOIntMapBlizzard</name>
         <load_address>0x5db8</load_address>
         <run_address>0x5db8</run_address>
         <size>0xc0</size>
         <input_file_ref idref="fl-173"/>
      </object_component>
      <object_component id="oc-545">
         <name>.const:g_pui32GPIOBaseAddrs</name>
         <load_address>0x5e78</load_address>
         <run_address>0x5e78</run_address>
         <size>0x90</size>
         <input_file_ref idref="fl-173"/>
      </object_component>
      <object_component id="oc-5e3">
         <name>.const</name>
         <load_address>0x5f08</load_address>
         <run_address>0x5f08</run_address>
         <size>0x70</size>
         <input_file_ref idref="fl-175"/>
      </object_component>
      <object_component id="oc-5ea">
         <name>.const:g_pui32Xtals</name>
         <load_address>0x5f78</load_address>
         <run_address>0x5f78</run_address>
         <size>0x6c</size>
         <input_file_ref idref="fl-177"/>
      </object_component>
      <object_component id="oc-49d">
         <name>.const:.string</name>
         <load_address>0x5fe4</load_address>
         <run_address>0x5fe4</run_address>
         <size>0x4</size>
         <input_file_ref idref="fl-a"/>
      </object_component>
      <object_component id="oc-71c">
         <name>.const</name>
         <load_address>0x5fe8</load_address>
         <run_address>0x5fe8</run_address>
         <size>0x48</size>
         <input_file_ref idref="fl-156"/>
      </object_component>
      <object_component id="oc-751">
         <name>.const:g_ppui32UARTIntMap</name>
         <load_address>0x6030</load_address>
         <run_address>0x6030</run_address>
         <size>0x40</size>
         <input_file_ref idref="fl-178"/>
      </object_component>
      <object_component id="oc-754">
         <name>.const:g_ppui32UARTIntMapSnowflake</name>
         <load_address>0x6070</load_address>
         <run_address>0x6070</run_address>
         <size>0x40</size>
         <input_file_ref idref="fl-178"/>
      </object_component>
      <object_component id="oc-358">
         <name>.const</name>
         <load_address>0x60b0</load_address>
         <run_address>0x60b0</run_address>
         <size>0x38</size>
         <input_file_ref idref="fl-c"/>
      </object_component>
      <object_component id="oc-77f">
         <name>.const:p</name>
         <load_address>0x60e8</load_address>
         <run_address>0x60e8</run_address>
         <size>0x38</size>
         <input_file_ref idref="fl-170"/>
      </object_component>
      <object_component id="oc-6fd">
         <name>.const</name>
         <load_address>0x6120</load_address>
         <run_address>0x6120</run_address>
         <size>0x30</size>
         <input_file_ref idref="fl-154"/>
      </object_component>
      <object_component id="oc-35b">
         <name>.const:.string</name>
         <load_address>0x6150</load_address>
         <run_address>0x6150</run_address>
         <size>0x26</size>
         <input_file_ref idref="fl-c"/>
      </object_component>
      <object_component id="oc-3c8">
         <name>.const</name>
         <load_address>0x6178</load_address>
         <run_address>0x6178</run_address>
         <size>0x18</size>
         <input_file_ref idref="fl-7"/>
      </object_component>
      <object_component id="oc-3cb">
         <name>.const:.string</name>
         <load_address>0x6190</load_address>
         <run_address>0x6190</run_address>
         <size>0x12</size>
         <input_file_ref idref="fl-7"/>
      </object_component>
      <object_component id="oc-5ee">
         <name>.const</name>
         <load_address>0x61a2</load_address>
         <run_address>0x61a2</run_address>
         <size>0x10</size>
         <input_file_ref idref="fl-a"/>
      </object_component>
      <object_component id="oc-98">
         <name>.const</name>
         <load_address>0x61b4</load_address>
         <run_address>0x61b4</run_address>
         <size>0x4</size>
         <input_file_ref idref="fl-14"/>
      </object_component>
      <object_component id="oc-7ed">
         <name>.cinit..data.load</name>
         <load_address>0x61b8</load_address>
         <run_address>0x61b8</run_address>
         <size>0x6f</size>
      </object_component>
      <object_component id="oc-7ea">
         <name>__TI_handler_table</name>
         <load_address>0x6228</load_address>
         <run_address>0x6228</run_address>
         <size>0xc</size>
      </object_component>
[...]
         <name>__aeabi_i2d</name>
         <value>0x551d</value>
         <object_component_ref idref="oc-4e6"/>
      </symbol>
      <symbol id="sm-89a">
         <name>memcpy</name>
         <value>0x389d</value>
         <object_component_ref idref="oc-50"/>
      </symbol>
      <symbol id="sm-89b">
         <name>__aeabi_memcpy</name>
         <value>0x389d</value>
         <object_component_ref idref="oc-50"/>
      </symbol>
      <symbol id="sm-89c">
         <name>__aeabi_memcpy8</name>
         <value>0x389d</value>
         <object_component_ref idref="oc-50"/>
      </symbol>
      <symbol id="sm-89d">
         <name>__aeabi_memcpy4</name>
         <value>0x389d</value>
         <object_component_ref idref="oc-50"/>
      </symbol>
      <symbol id="sm-8ac">
         <name>__aeabi_memset</name>
         <value>0x3f83</value>
         <object_component_ref idref="oc-69"/>
      </symbol>
      <symbol id="sm-8ad">
         <name>memset</name>
         <value>0x3f89</value>
         <object_component_ref idref="oc-69"/>
      </symbol>
      <symbol id="sm-8ae">
         <name>__aeabi_memset8</name>
         <value>0x3f83</value>
         <object_component_ref idref="oc-69"/>
      </symbol>
      <symbol id="sm-8af">
         <name>__aeabi_memset4</name>
         <value>0x3f83</value>
         <object_component_ref idref="oc-69"/>
      </symbol>
      <symbol id="sm-8b0">
         <name>__aeabi_memclr8</name>
         <value>0x3f81</value>
         <object_component_ref idref="oc-69"/>
      </symbol>
      <symbol id="sm-8b1">
         <name>__aeabi_memclr4</name>
         <value>0x3f81</value>
         <object_component_ref idref="oc-69"/>
      </symbol>
      <symbol id="sm-8b2">
         <name>__aeabi_memclr</name>
         <value>0x3f81</value>
         <object_component_ref idref="oc-69"/>
      </symbol>
      <symbol id="sm-907">
         <name>pow</name>
         <value>0x1359</value>
         <object_component_ref idref="oc-4eb"/>
      </symbol>
      <symbol id="sm-911">
         <name>_system_pre_init</name>
         <value>0x5cdd</value>
         <object_component_ref idref="oc-75"/>
      </symbol>
      <symbol id="sm-92a">
         <name>sprintf</name>
         <value>0x479d</value>
         <object_component_ref idref="oc-32f"/>
      </symbol>
      <symbol id="sm-932">
         <name>main_func_sp</name>
         <value>0x20005c24</value>
         <object_component_ref idref="oc-8d"/>
      </symbol>
      <symbol id="sm-941">
         <name>strcmp</name>
         <value>0x5955</value>
         <object_component_ref idref="oc-58b"/>
      </symbol>
      <symbol id="sm-94f">
         <name>strcpy</name>
         <value>0x5a71</value>
         <object_component_ref idref="oc-352"/>
      </symbol>
      <symbol id="sm-95d">
         <name>strlen</name>
         <value>0x5a85</value>
         <object_component_ref idref="oc-457"/>
      </symbol>
      <symbol id="sm-96e">
         <name>strncat</name>
         <value>0x56a1</value>
         <object_component_ref idref="oc-3c2"/>
      </symbol>
      <symbol id="sm-991">
         <name>_Dint</name>
         <value>0x351d</value>
         <object_component_ref idref="oc-614"/>
      </symbol>
      <symbol id="sm-9a5">
         <name>_Dunscale</name>
         <value>0x45ad</value>
         <object_component_ref idref="oc-60e"/>
      </symbol>
      <symbol id="sm-9d9">
         <name>_Exp</name>
         <value>0x1ec5</value>
         <object_component_ref idref="oc-63a"/>
      </symbol>
      <symbol id="sm-9e8">
         <name>_Feraise</name>
         <value>0x54ed</value>
         <object_component_ref idref="oc-61f"/>
      </symbol>
      <symbol id="sm-9f8">
         <name>_Rteps</name>
         <value>0x20005b40</value>
         <object_component_ref idref="oc-640"/>
      </symbol>
      <symbol id="sm-9f9">
         <name>_Zero</name>
         <value>0x20005b58</value>
         <object_component_ref idref="oc-640"/>
      </symbol>
      <symbol id="sm-9fa">
         <name>_Hugeval</name>
         <value>0x20005b00</value>
         <object_component_ref idref="oc-640"/>
      </symbol>
      <symbol id="sm-9fb">
         <name>_Snan</name>
         <value>0x20005b30</value>
         <object_component_ref idref="oc-640"/>
      </symbol>
      <symbol id="sm-9fc">
         <name>_Nan</name>
         <value>0x20005b20</value>
         <object_component_ref idref="oc-640"/>
      </symbol>
      <symbol id="sm-9fd">
         <name>_Inf</name>
         <value>0x20005b10</value>
         <object_component_ref idref="oc-640"/>
      </symbol>
      <symbol id="sm-9fe">
         <name>_Xbig</name>
         <value>0x20005b50</value>
         <object_component_ref idref="oc-640"/>
      </symbol>
      <symbol id="sm-9ff">
         <name>_Eps</name>
         <value>0x20005af0</value>
         <object_component_ref idref="oc-640"/>
      </symbol>
      <symbol id="sm-a00">
         <name>_Denorm</name>
         <value>0x20005ae0</value>
         <object_component_ref idref="oc-640"/>
      </symbol>
      <symbol id="sm-a19">
         <name>_nop</name>
         <value>0x5a6b</value>
         <object_component_ref idref="oc-154"/>
      </symbol>
      <symbol id="sm-a1a">
         <name>_lock</name>
         <value>0x20005c00</value>
         <object_component_ref idref="oc-d9"/>
      </symbol>
      <symbol id="sm-a1b">
         <name>_unlock</name>
         <value>0x20005c04</value>
         <object_component_ref idref="oc-d9"/>
      </symbol>
      <symbol id="sm-a1c">
         <name>_register_lock</name>
         <value>0x5a63</value>
         <object_component_ref idref="oc-154"/>
      </symbol>
      <symbol id="sm-a1d">
         <name>_register_unlock</name>
         <value>0x5a5d</value>
         <object_component_ref idref="oc-154"/>
      </symbol>
      <symbol id="sm-b22">
         <name>__TI_printfi</name>
         <value>0x104f</value>
         <object_component_ref idref="oc-516"/>
      </symbol>
      <symbol id="sm-b37">
         <name>_args_main</name>
         <value>0x593d</value>
         <object_component_ref idref="oc-81"/>
      </symbol>
      <symbol id="sm-b5d">
         <name>__TI_auto_init</name>
         <value>0x4405</value>
         <object_component_ref idref="oc-7b"/>
      </symbol>
      <symbol id="sm-b77">
         <name>copy_in</name>
         <value>0x4de5</value>
         <object_component_ref idref="oc-c9"/>
      </symbol>
      <symbol id="sm-b7f">
         <name>_Errno</name>
         <value>0x20005c20</value>
         <object_component_ref idref="oc-708"/>
      </symbol>
      <symbol id="sm-ba3">
         <name>__aeabi_dsub</name>
         <value>0x22b5</value>
         <object_component_ref idref="oc-625"/>
      </symbol>
      <symbol id="sm-ba4">
         <name>__aeabi_dadd</name>
         <value>0x22bf</value>
         <object_component_ref idref="oc-625"/>
      </symbol>
      <symbol id="sm-bcb">
         <name>__aeabi_cdcmpeq</name>
         <value>0x3b75</value>
         <object_component_ref idref="oc-61a"/>
      </symbol>
      <symbol id="sm-bcc">
         <name>__aeabi_cdcmple</name>
         <value>0x3b75</value>
         <object_component_ref idref="oc-61a"/>
      </symbol>
      <symbol id="sm-bcd">
         <name>__aeabi_cdrcmple</name>
         <value>0x3bfb</value>
         <object_component_ref idref="oc-652"/>
      </symbol>
      <symbol id="sm-bed">
         <name>__aeabi_ddiv</name>
         <value>0x2609</value>
         <object_component_ref idref="oc-635"/>
      </symbol>
      <symbol id="sm-bfb">
         <name>__aeabi_d2iz</name>
         <value>0x4fe1</value>
         <object_component_ref idref="oc-62a"/>
      </symbol>
      <symbol id="sm-c19">
         <name>feraiseexcept</name>
         <value>0x5429</value>
         <object_component_ref idref="oc-702"/>
      </symbol>
      <symbol id="sm-c1a">
         <name>_Tls_setup__Fenv</name>
         <value>0x20005c14</value>
         <object_component_ref idref="oc-776"/>
      </symbol>
      <symbol id="sm-c1b">
         <name>_Fenv</name>
         <value>0x20005c10</value>
         <object_component_ref idref="oc-776"/>
      </symbol>
      <symbol id="sm-c28">
         <name>frexp</name>
         <value>0x5627</value>
         <object_component_ref idref="oc-65d"/>
      </symbol>
      <symbol id="sm-c3a">
         <name>ldexp</name>
         <value>0x4c0f</value>
         <object_component_ref idref="oc-663"/>
      </symbol>
      <symbol id="sm-c44">
         <name>log</name>
         <value>0x58ab</value>
         <object_component_ref idref="oc-62f"/>
      </symbol>
      <symbol id="sm-c53">
         <name>ltoa</name>
         <value>0x4b15</value>
         <object_component_ref idref="oc-657"/>
      </symbol>
      <symbol id="sm-c63">
         <name>memccpy</name>
         <value>0x583b</value>
         <object_component_ref idref="oc-66f"/>
      </symbol>
      <symbol id="sm-c77">
         <name>raise</name>
         <value>0x554b</value>
         <object_component_ref idref="oc-770"/>
      </symbol>
      <symbol id="sm-c91">
         <name>signal</name>
         <value>0x517d</value>
         <object_component_ref idref="oc-79e"/>
      </symbol>
      <symbol id="sm-ca1">
         <name>strchr</name>
         <value>0x59e1</value>
         <object_component_ref idref="oc-669"/>
      </symbol>
      <symbol id="sm-ccb">
         <name>__aeabi_uldivmod</name>
         <value>0x20c1</value>
         <object_component_ref idref="oc-64d"/>
      </symbol>
      <symbol id="sm-ce0">
         <name>_Dnorm</name>
         <value>0x35dd</value>
         <object_component_ref idref="oc-6f5"/>
      </symbol>
      <symbol id="sm-cfc">
         <name>_Dscale</name>
         <value>0x2bb1</value>
         <object_component_ref idref="oc-716"/>
      </symbol>
      <symbol id="sm-d2c">
         <name>_Log</name>
         <value>0x1bd9</value>
         <object_component_ref idref="oc-70e"/>
      </symbol>
      <symbol id="sm-d3b">
         <name>_FZero</name>
         <value>0x20005bc4</value>
         <object_component_ref idref="oc-77c"/>
      </symbol>
      <symbol id="sm-d3c">
         <name>_FRteps</name>
         <value>0x20005bb0</value>
         <object_component_ref idref="oc-77c"/>
      </symbol>
      <symbol id="sm-d3d">
         <name>_FSnan</name>
         <value>0x20005ba0</value>
         <object_component_ref idref="oc-77c"/>
      </symbol>
      <symbol id="sm-d3e">
         <name>_FNan</name>
         <value>0x20005b90</value>
         <object_component_ref idref="oc-77c"/>
      </symbol>
      <symbol id="sm-d3f">
         <name>_FInf</name>
         <value>0x20005b80</value>
         <object_component_ref idref="oc-77c"/>
      </symbol>
      <symbol id="sm-d40">
         <name>_FEps</name>
         <value>0x20005b70</value>
         <object_component_ref idref="oc-77c"/>
      </symbol>
      <symbol id="sm-d41">
         <name>_FXbig</name>
         <value>0x20005bc0</value>
         <object_component_ref idref="oc-77c"/>
      </symbol>
      <symbol id="sm-d42">
         <name>_FDenorm</name>
         <value>0x20005b60</value>
         <object_component_ref idref="oc-77c"/>
      </symbol>
      <symbol id="sm-d58">
         <name>FPULazyStackingEnable</name>
         <value>0x5b91</value>
         <object_component_ref idref="oc-560"/>
      </symbol>
      <symbol id="sm-d59">
         <name>FPUEnable</name>
         <value>0x5b81</value>
         <object_component_ref idref="oc-55a"/>
      </symbol>
      <symbol id="sm-e0a">
         <name>GPIOPinTypePWM</name>
         <value>0x5ae3</value>
         <object_component_ref idref="oc-370"/>
      </symbol>
      <symbol id="sm-e0b">
         <name>GPIOIntRegister</name>
         <value>0x58c5</value>
         <object_component_ref idref="oc-2d5"/>
      </symbol>
      <symbol id="sm-e0c">
         <name>GPIOPinConfigure</name>
         <value>0x4e79</value>
         <object_component_ref idref="oc-36a"/>
      </symbol>
      <symbol id="sm-e0d">
         <name>GPIOPinTypeI2CSCL</name>
         <value>0x5ad1</value>
         <object_component_ref idref="oc-4ad"/>
      </symbol>
      <symbol id="sm-e0e">
         <name>GPIOIntDisable</name>
         <value>0x5bf1</value>
         <object_component_ref idref="oc-481"/>
      </symbol>
      <symbol id="sm-e0f">
         <name>GPIOIntEnable</name>
         <value>0x5c29</value>
         <object_component_ref idref="oc-2e7"/>
      </symbol>
      <symbol id="sm-e10">
         <name>GPIOPinTypeI2C</name>
         <value>0x5abf</value>
         <object_component_ref idref="oc-4a7"/>
      </symbol>
      <symbol id="sm-e11">
         <name>GPIOIntTypeSet</name>
         <value>0x4969</value>
         <object_component_ref idref="oc-2e1"/>
      </symbol>
      <symbol id="sm-e12">
         <name>GPIOPinTypeGPIOInput</name>
         <value>0x5aad</value>
         <object_component_ref idref="oc-2db"/>
      </symbol>
      <symbol id="sm-e13">
         <name>GPIOIntClear</name>
         <value>0x5ca3</value>
         <object_component_ref idref="oc-47b"/>
      </symbol>
      <symbol id="sm-e14">
         <name>GPIOPinTypeUART</name>
         <value>0x5af5</value>
         <object_component_ref idref="oc-56c"/>
      </symbol>
      <symbol id="sm-e15">
         <name>GPIOPinTypeGPIOOutput</name>
         <value>0x58dd</value>
         <object_component_ref idref="oc-27d"/>
      </symbol>
      <symbol id="sm-e16">
         <name>GPIOPinRead</name>
         <value>0x5ca9</value>
         <object_component_ref idref="oc-2fc"/>
      </symbol>
      <symbol id="sm-e17">
         <name>GPIODirModeSet</name>
         <value>0x55fd</value>
         <object_component_ref idref="oc-42f"/>
      </symbol>
      <symbol id="sm-e18">
         <name>GPIOPinWrite</name>
         <value>0x5caf</value>
         <object_component_ref idref="oc-284"/>
      </symbol>
      <symbol id="sm-e19">
         <name>GPIOPadConfigSet</name>
         <value>0x273f</value>
         <object_component_ref idref="oc-429"/>
      </symbol>
      <symbol id="sm-e5a">
         <name>I2CMasterDataPut</name>
         <value>0x5cd5</value>
         <object_component_ref idref="oc-4c0"/>
      </symbol>
      <symbol id="sm-e5b">
         <name>I2CMasterInitExpClk</name>
         <value>0x4d01</value>
         <object_component_ref idref="oc-4b3"/>
      </symbol>
      <symbol id="sm-e5c">
         <name>I2CMasterSlaveAddrSet</name>
         <value>0x5c8b</value>
         <object_component_ref idref="oc-4ba"/>
      </symbol>
      <symbol id="sm-e5d">
         <name>I2CMasterDataGet</name>
         <value>0x5cd1</value>
         <object_component_ref idref="oc-4d3"/>
      </symbol>
      <symbol id="sm-e5e">
         <name>I2CMasterControl</name>
         <value>0x5ccd</value>
         <object_component_ref idref="oc-4c6"/>
      </symbol>
      <symbol id="sm-e5f">
         <name>I2CMasterBusy</name>
         <value>0x5c83</value>
         <object_component_ref idref="oc-4cc"/>
      </symbol>
      <symbol id="sm-e60">
         <name>I2CMasterEnable</name>
         <value>0x5c65</value>
         <object_component_ref idref="oc-5f8"/>
      </symbol>
      <symbol id="sm-e99">
         <name>IntEnable</name>
         <value>0x44dd</value>
         <object_component_ref idref="oc-471"/>
      </symbol>
      <symbol id="sm-e9a">
         <name>IntRegister</name>
         <value>0x538d</value>
         <object_component_ref idref="oc-46b"/>
      </symbol>
      <symbol id="sm-e9b">
         <name>g_pfnRAMVectors</name>
         <value>0x20000000</value>
         <object_component_ref idref="oc-5de"/>
      </symbol>
      <symbol id="sm-ed0">
         <name>PWMGenPeriodSet</name>
         <value>0x5bb1</value>
         <object_component_ref idref="oc-37c"/>
      </symbol>
      <symbol id="sm-ed1">
         <name>PWMPulseWidthSet</name>
         <value>0x57e5</value>
         <object_component_ref idref="oc-388"/>
      </symbol>
      <symbol id="sm-ed2">
         <name>PWMGenPeriodGet</name>
         <value>0x5b19</value>
         <object_component_ref idref="oc-382"/>
      </symbol>
      <symbol id="sm-ed3">
         <name>PWMOutputState</name>
         <value>0x5b2b</value>
         <object_component_ref idref="oc-550"/>
      </symbol>
      <symbol id="sm-ed4">
         <name>PWMGenEnable</name>
         <value>0x5c41</value>
         <object_component_ref idref="oc-38e"/>
      </symbol>
      <symbol id="sm-ed5">
         <name>PWMGenConfigure</name>
         <value>0x5761</value>
         <object_component_ref idref="oc-376"/>
      </symbol>
      <symbol id="sm-f3e">
         <name>SysCtlClockSet</name>
         <value>0x30c1</value>
         <object_component_ref idref="oc-566"/>
      </symbol>
      <symbol id="sm-f3f">
         <name>SysCtlDelay</name>
         <value>0x5cbb</value>
         <object_component_ref idref="oc-283"/>
      </symbol>
      <symbol id="sm-f40">
         <name>SysCtlPeripheralEnable</name>
         <value>0x53c1</value>
         <object_component_ref idref="oc-277"/>
      </symbol>
      <symbol id="sm-f41">
         <name>SysCtlClockGet</name>
         <value>0x2aa1</value>
         <object_component_ref idref="oc-491"/>
      </symbol>
      <symbol id="sm-f42">
         <name>SysCtlPeripheralReady</name>
         <value>0x52ad</value>
         <object_component_ref idref="oc-2cf"/>
      </symbol>
      <symbol id="sm-f43">
         <name>SysCtlPeripheralReset</name>
         <value>0x4c61</value>
         <object_component_ref idref="oc-4a1"/>
      </symbol>
      <symbol id="sm-fac">
         <name>UARTConfigSetExpClk</name>
         <value>0x5029</value>
         <object_component_ref idref="oc-572"/>
      </symbol>
      <symbol id="sm-fad">
         <name>UARTDisable</name>
         <value>0x5785</value>
         <object_component_ref idref="oc-6a7"/>
      </symbol>
      <symbol id="sm-fae">
         <name>UARTIntEnable</name>
         <value>0x5c93</value>
         <object_component_ref idref="oc-57e"/>
      </symbol>
      <symbol id="sm-faf">
         <name>UARTEnable</name>
         <value>0x5a35</value>
         <object_component_ref idref="oc-6ad"/>
      </symbol>
      <symbol id="sm-fb0">
         <name>UARTIntClear</name>
         <value>0x5cd9</value>
         <object_component_ref idref="oc-6c3"/>
      </symbol>
      <symbol id="sm-fb1">
         <name>UARTIntStatus</name>
         <value>0x5c79</value>
         <object_component_ref idref="oc-6bd"/>
      </symbol>
      <symbol id="sm-fb2">
         <name>UARTCharGet</name>
         <value>0x5c6f</value>
         <object_component_ref idref="oc-75a"/>
      </symbol>
      <symbol id="sm-fb3">
         <name>UARTIntRegister</name>
         <value>0x58f5</value>
         <object_component_ref idref="oc-578"/>
      </symbol>
      <symbol id="sm-fb5">
         <name>__TI_static_base__</name>
         <value>0x0</value>
      </symbol>
      <symbol id="sm-fb8">
         <name>SHT$$INIT_ARRAY$$Limit</name>
         <value>0x0</value>
      </symbol>
      <symbol id="sm-fb9">
         <name>SHT$$INIT_ARRAY$$Base</name>
         <value>0x0</value>
      </symbol>
   </symbol_table>
   <title>Link successful</title>
</link_info>
